Component: ARM Compiler 6.16 Tool: armlink [5dfeaa00]

==============================================================================

Section Cross References

    main.o(.text.main) refers to main.o(.text.InitialisationStage) for InitialisationStage
    main.o(.text.main) refers to main.o(.text.InitCursor) for InitCursor
    main.o(.text.main) refers to eeprom.o(.text.EEPROM_Init) for EEPROM_Init
    main.o(.text.main) refers to main.o(.text.WelcomingStage) for WelcomingStage
    main.o(.text.main) refers to main.o(.text.switchToggleEmoji) for switchToggleEmoji
    main.o(.text.main) refers to main.o(.text.mainCalculatorFunction) for mainCalculatorFunction
    main.o(.ARM.exidx.text.main) refers to main.o(.text.main) for [Anonymous Symbol]
    main.o(.text.InitialisationStage) refers to pll.o(.text.PLL_Init) for PLL_Init
    main.o(.text.InitialisationStage) refers to port_init.o(.text.PortA_Init) for PortA_Init
    main.o(.text.InitialisationStage) refers to port_init.o(.text.PortB_Init) for PortB_Init
    main.o(.text.InitialisationStage) refers to port_init.o(.text.PortD_Init) for PortD_Init
    main.o(.text.InitialisationStage) refers to port_init.o(.text.PortE_Init) for PortE_Init
    main.o(.text.InitialisationStage) refers to pll.o(.text.SysTick_Init) for SysTick_Init
    main.o(.text.InitialisationStage) refers to uart.o(.text.UART_Init) for UART_Init
    main.o(.text.InitialisationStage) refers to hd44780u.o(.text.InitDisplayPort) for InitDisplayPort
    main.o(.ARM.exidx.text.InitialisationStage) refers to main.o(.text.InitialisationStage) for [Anonymous Symbol]
    main.o(.text.InitCursor) refers to hd44780u.o(.text.SendDisplayNibble) for SendDisplayNibble
    main.o(.text.InitCursor) refers to hd44780u.o(.text.SendDisplayByte) for SendDisplayByte
    main.o(.text.InitCursor) refers to pll.o(.text.wait_us) for wait_us
    main.o(.text.InitCursor) refers to hd44780u.o(.text.InitCustomCharacters) for InitCustomCharacters
    main.o(.ARM.exidx.text.InitCursor) refers to main.o(.text.InitCursor) for [Anonymous Symbol]
    main.o(.text.WelcomingStage) refers to eeprom.o(.text.EEPROM_Read) for EEPROM_Read
    main.o(.text.WelcomingStage) refers to ctype_o.o(.text) for __rt_ctype_table
    main.o(.text.WelcomingStage) refers to main.o(.text.secondLinePasswordPrompt) for secondLinePasswordPrompt
    main.o(.text.WelcomingStage) refers to main.o(.rodata.keyPadConfig) for keyPadConfig
    main.o(.text.WelcomingStage) refers to main.o(.text.GetKeyASCII) for GetKeyASCII
    main.o(.text.WelcomingStage) refers to main.o(.data.tempInput) for tempInput
    main.o(.text.WelcomingStage) refers to main.o(.bss.numChars) for numChars
    main.o(.text.WelcomingStage) refers to hd44780u.o(.text.printDisplay) for printDisplay
    main.o(.text.WelcomingStage) refers to main.o(.text.appendCharacters) for appendCharacters
    main.o(.text.WelcomingStage) refers to main.o(.rodata.str1.1) for .L.str.3
    main.o(.text.WelcomingStage) refers to main.o(.text.printErrorMsg) for printErrorMsg
    main.o(.text.WelcomingStage) refers to hd44780u.o(.text.clearDisplayScreen) for clearDisplayScreen
    main.o(.text.WelcomingStage) refers to main.o(.text.resetUserInputs) for resetUserInputs
    main.o(.text.WelcomingStage) refers to main.o(.bss.userInputs) for userInputs
    main.o(.text.WelcomingStage) refers to strcmp.o(.text) for strcmp
    main.o(.text.WelcomingStage) refers to main.o(.text.deleteLastChar) for deleteLastChar
    main.o(.text.WelcomingStage) refers to main.o(.text.setPassword) for setPassword
    main.o(.ARM.exidx.text.WelcomingStage) refers to main.o(.text.WelcomingStage) for [Anonymous Symbol]
    main.o(.text.switchToggleEmoji) refers to pll.o(.text.wait_us) for wait_us
    main.o(.text.switchToggleEmoji) refers to hd44780u.o(.text.SendDisplayByte) for SendDisplayByte
    main.o(.text.switchToggleEmoji) refers to main.o(.bss.shiftToggle) for shiftToggle
    main.o(.text.switchToggleEmoji) refers to hd44780u.o(.text.printDisplay) for printDisplay
    main.o(.text.switchToggleEmoji) refers to main.o(.bss.userInputs) for userInputs
    main.o(.text.switchToggleEmoji) refers to main.o(.text.printSentence) for printSentence
    main.o(.ARM.exidx.text.switchToggleEmoji) refers to main.o(.text.switchToggleEmoji) for [Anonymous Symbol]
    main.o(.text.mainCalculatorFunction) refers to main.o(.bss.shiftToggle) for shiftToggle
    main.o(.text.mainCalculatorFunction) refers to main.o(.rodata.keyPadConfig) for keyPadConfig
    main.o(.text.mainCalculatorFunction) refers to main.o(.text.GetKeyASCII) for GetKeyASCII
    main.o(.text.mainCalculatorFunction) refers to main.o(.data.tempInput) for tempInput
    main.o(.text.mainCalculatorFunction) refers to main.o(.bss.numChars) for numChars
    main.o(.text.mainCalculatorFunction) refers to main.o(.bss.userInputs) for userInputs
    main.o(.text.mainCalculatorFunction) refers to main.o(.rodata.str1.1) for .L.str
[...]
    pow.o(i.__hardfp_pow) refers to ddiv.o(.text) for __aeabi_ddiv
    pow.o(i.__hardfp_pow) refers to sqrt.o(i.sqrt) for sqrt
    pow.o(i.__hardfp_pow) refers to fabs.o(i.fabs) for fabs
    pow.o(i.__hardfp_pow) refers to dflti.o(.text) for __aeabi_i2d
    pow.o(i.__hardfp_pow) refers to dunder.o(i.__mathlib_dbl_invalid) for __mathlib_dbl_invalid
    pow.o(i.__hardfp_pow) refers to dmul.o(.text) for __aeabi_dmul
    pow.o(i.__hardfp_pow) refers to dunder.o(i.__mathlib_dbl_underflow) for __mathlib_dbl_underflow
    pow.o(i.__hardfp_pow) refers to dadd.o(.text) for __aeabi_dsub
    pow.o(i.__hardfp_pow) refers to qnan.o(.constdata) for __mathlib_zero
    pow.o(i.__hardfp_pow) refers to poly.o(i.__kernel_poly) for __kernel_poly
    pow.o(i.__hardfp_pow) refers to pow.o(.constdata) for .constdata
    pow.o(i.__hardfp_pow) refers to cdrcmple.o(.text) for __aeabi_cdrcmple
    pow.o(i.__hardfp_pow) refers to dscalb.o(.text) for __ARM_scalbn
    pow.o(i.__hardfp_pow) refers to fpclassify.o(i.__ARM_fpclassify) for __ARM_fpclassify
    pow.o(i.__softfp_pow) refers (Special) to iusefp.o(.text) for __I$use$fp
    pow.o(i.__softfp_pow) refers to pow.o(i.__hardfp_pow) for __hardfp_pow
    pow.o(i.pow) refers (Special) to iusefp.o(.text) for __I$use$fp
    pow.o(i.pow) refers to pow.o(i.__hardfp_pow) for __hardfp_pow
    pow.o(.constdata) refers (Special) to iusefp.o(.text) for __I$use$fp
    strtod.o(i.__hardfp_strtod) refers (Special) to iusefp.o(.text) for __I$use$fp
    strtod.o(i.__hardfp_strtod) refers to strtod.o(.text) for __strtod_int
    strtod.o(i.__softfp_strtod) refers (Special) to iusefp.o(.text) for __I$use$fp
    strtod.o(i.__softfp_strtod) refers to strtod.o(.text) for __strtod_int
    strtod.o(i.strtod) refers (Special) to iusefp.o(.text) for __I$use$fp
    strtod.o(i.strtod) refers to strtod.o(.text) for __strtod_int
    entry.o(.ARM.Collect$$$$00000000) refers (Special) to entry10a.o(.ARM.Collect$$$$0000000D) for __rt_final_cpp
    entry.o(.ARM.Collect$$$$00000000) refers (Special) to entry11a.o(.ARM.Collect$$$$0000000F) for __rt_final_exit
    entry.o(.ARM.Collect$$$$00000000) refers (Special) to entry7b.o(.ARM.Collect$$$$00000008) for _main_clock
    entry.o(.ARM.Collect$$$$00000000) refers (Special) to entry8b.o(.ARM.Collect$$$$0000000A) for _main_cpp_init
    entry.o(.ARM.Collect$$$$00000000) refers (Special) to entry9a.o(.ARM.Collect$$$$0000000B) for _main_init
    entry.o(.ARM.Collect$$$$00000000) refers (Special) to entry5.o(.ARM.Collect$$$$00000004) for _main_scatterload
    entry.o(.ARM.Collect$$$$00000000) refers (Special) to entry2.o(.ARM.Collect$$$$00000001) for _main_stk
    isdigit_c.o(.text) refers to ctype_c.o(.text) for __ctype_lookup
    ctype_o.o(.text) refers to ctype_o.o(.constdata) for .constdata
    ctype_o.o(.constdata) refers to ctype_o.o(.constdata) for __ctype_table
    isalnum_o.o(.text) refers to ctype_o.o(.text) for __rt_ctype_table
    isalpha_o.o(.text) refers to ctype_o.o(.text) for __rt_ctype_table
    isblank_o.o(.text) refers to ctype_o.o(.constdata) for __ctype_table
    iscntrl_o.o(.text) refers to ctype_o.o(.text) for __rt_ctype_table
    isdigit_o.o(.text) refers to ctype_o.o(.text) for __rt_ctype_table
    isgraph_o.o(.text) refers to ctype_o.o(.text) for __rt_ctype_table
    islower_o.o(.text) refers to ctype_o.o(.text) for __rt_ctype_table
    isprint_o.o(.text) refers to ctype_o.o(.text) for __rt_ctype_table
    ispunct_o.o(.text) refers to ctype_o.o(.text) for __rt_ctype_table
    isspace_o.o(.text) refers to ctype_o.o(.text) for __rt_ctype_table
    isupper_o.o(.text) refers to ctype_o.o(.text) for __rt_ctype_table
    isxdigit_o.o(.text) refers to ctype_o.o(.text) for __rt_ctype_table
    printfa.o(i.__0fprintf) refers (Special) to iusefp.o(.text) for __I$use$fp
    printfa.o(i.__0fprintf) refers to printfa.o(i._printf_core) for _printf_core
    printfa.o(i.__0fprintf) refers to uart.o(.text.fputc) for fputc
    printfa.o(i.__0printf) refers (Special) to iusefp.o(.text) for __I$use$fp
    printfa.o(i.__0printf) refers to printfa.o(i._printf_core) for _printf_core
    printfa.o(i.__0printf) refers to uart.o(.text.fputc) for fputc
    printfa.o(i.__0printf) refers to stdout.o(.data) for __stdout
    printfa.o(i.__0snprintf) refers (Special) to iusefp.o(.text) for __I$use$fp
    printfa.o(i.__0snprintf) refers to printfa.o(i._printf_core) for _printf_core
    printfa.o(i.__0snprintf) refers to printfa.o(i._snputc) for _snputc
    printfa.o(i.__0sprintf) refers (Special) to iusefp.o(.text) for __I$use$fp
    printfa.o(i.__0sprintf) refers to printfa.o(i._printf_core) for _printf_core
    printfa.o(i.__0sprintf) refers to printfa.o(i._sputc) for _sputc
    printfa.o(i.__0vfprintf) refers (Special) to iusefp.o(.text) for __I$use$fp
    printfa.o(i.__0vfprintf) refers to printfa.o(i._printf_core) for _printf_core
    printfa.o(i.__0vfprintf) refers to uart.o(.text.fputc) for fputc
    printfa.o(i.__0vprintf) refers (Special) to iusefp.o(.text) for __I$use$fp
    printfa.o(i.__0vprintf) refers to printfa.o(i._printf_core) for _printf_core
    printfa.o(i.__0vprintf) refers to uart.o(.text.fputc) for fputc
    printfa.o(i.__0vprintf) refers to stdout.o(.data) for __stdout
    printfa.o(i.__0vsnprintf) refers (Special) to iusefp.o(.text) for __I$use$fp
    printfa.o(i.__0vsnprintf) refers to printfa.o(i._printf_core) for _printf_core
    printfa.o(i.__0vsnprintf) refers to printfa.o(i._snputc) for _snputc
    printfa.o(i.__0vsprintf) refers (Special) to iusefp.o(.text) for __I$use$fp
    printfa.o(i.__0vsprintf) refers to printfa.o(i._printf_core) for _printf_core
    printfa.o(i.__0vsprintf) refers to printfa.o(i._sputc) for _sputc
    printfa.o(i._fp_digits) refers (Special) to iusefp.o(.text) for __I$use$fp
    printfa.o(i._fp_digits) refers to dmul.o(.text) for __aeabi_dmul
    printfa.o(i._fp_digits) refers to ddiv.o(.text) for __aeabi_ddiv
    printfa.o(i._fp_digits) refers to cdrcmple.o(.text) for __aeabi_cdrcmple
    printfa.o(i._fp_digits) refers to dadd.o(.text) for __aeabi_dadd
    printfa.o(i._fp_digits) refers to dfixul.o(.text) for __aeabi_d2ulz
    printfa.o(i._fp_digits) refers to uldiv.o(.text) for __aeabi_uldivmod
    printfa.o(i._printf_core) refers (Special) to iusefp.o(.text) for __I$use$fp
    printfa.o(i._printf_core) refers to printfa.o(i._printf_pre_padding) for _printf_pre_padding
    printfa.o(i._printf_core) refers to uldiv.o(.text) for __aeabi_uldivmod
    printfa.o(i._printf_core) refers to printfa.o(i._printf_post_padding) for _printf_post_padding
    printfa.o(i._printf_core) refers to printfa.o(i._fp_digits) for _fp_digits
    printfa.o(i._printf_core) refers to uidiv.o(.text) for __aeabi_uidivmod
    printfa.o(i._printf_post_padding) refers (Special) to iusefp.o(.text) for __I$use$fp
    printfa.o(i._printf_pre_padding) refers (Special) to iusefp.o(.text) for __I$use$fp
    printfa.o(i._snputc) refers (Special) to iusefp.o(.text) for __I$use$fp
    printfa.o(i._sputc) refers (Special) to iusefp.o(.text) for __I$use$fp
    dadd.o(.text) refers (Special) to iusefp.o(.text) for __I$use$fp
    dadd.o(.text) refers to llshl.o(.text) for __aeabi_llsl
    dadd.o(.text) refers to llsshr.o(.text) for __aeabi_lasr
    dadd.o(.text) refers to depilogue.o(.text) for _double_epilogue
    dmul.o(.text) refers (Special) to iusefp.o(.text) for __I$use$fp
    dmul.o(.text) refers to depilogue.o(.text) for _double_epilogue
    ddiv.o(.text) refers (Special) to iusefp.o(.text) for __I$use$fp
    ddiv.o(.text) refers to depilogue.o(.text) for _double_round
    dunder.o(i.__mathlib_dbl_divzero) refers to ddiv.o(.text) for __aeabi_ddiv
    dunder.o(i.__mathlib_dbl_infnan) refers to dadd.o(.text) for __aeabi_dadd
    dunder.o(i.__mathlib_dbl_infnan2) refers to dadd.o(.text) for __aeabi_dadd
    dunder.o(i.__mathlib_dbl_invalid) refers to ddiv.o(.text) for __aeabi_ddiv
    dunder.o(i.__mathlib_dbl_overflow) refers to dmul.o(.text) for __aeabi_dmul
    dunder.o(i.__mathlib_dbl_posinfnan) refers to dmul.o(.text) for __aeabi_dmul
    dunder.o(i.__mathlib_dbl_underflow) refers to dmul.o(.text) for __aeabi_dmul
    fabs.o(i.__hardfp_fabs) refers (Special) to iusefp.o(.text) for __I$use$fp
    fabs.o(i.__softfp_fabs) refers (Special) to iusefp.o(.text) for __I$use$fp
    fabs.o(i.fabs) refers (Special) to iusefp.o(.text) for __I$use$fp
    fpclassify.o(i.__ARM_fpclassify) refers (Special) to iusefp.o(.text) for __I$use$fp
    poly.o(i.__kernel_poly) refers (Special) to iusefp.o(.text) for __I$use$fp
    poly.o(i.__kernel_poly) refers to dmul.o(.text) for __aeabi_dmul
    poly.o(i.__kernel_poly) refers to dadd.o(.text) for __aeabi_dadd
    qnan.o(.constdata) refers (Special) to iusefp.o(.text) for __I$use$fp
    sqrt.o(i.__hardfp_sqrt) refers (Special) to iusefp.o(.text) for __I$use$fp
    sqrt.o(i.__hardfp_sqrt) refers to dsqrt.o(.text) for _dsqrt
    sqrt.o(i.__hardfp_sqrt) refers to errno.o(i.__set_errno) for __set_errno
    sqrt.o(i.__softfp_sqrt) refers (Special) to iusefp.o(.text) for __I$use$fp
    sqrt.o(i.__softfp_sqrt) refers to dsqrt.o(.text) for _dsqrt
    sqrt.o(i.__softfp_sqrt) refers to errno.o(i.__set_errno) for __set_errno
    sqrt.o(i.sqrt) refers (Special) to iusefp.o(.text) for __I$use$fp
    sqrt.o(i.sqrt) refers to dsqrt.o(.text) for _dsqrt
    sqrt.o(i.sqrt) refers to errno.o(i.__set_errno) for __set_errno
    entry2.o(.ARM.Collect$$$$00000001) refers to entry2.o(.ARM.Collect$$$$00002712) for __lit__00000000
    entry2.o(.ARM.Collect$$$$00002712) refers to startup_tm4c123.o(STACK) for __initial_sp
    entry2.o(__vectab_stack_and_reset_area) refers to startup_tm4c123.o(STACK) for __initial_sp
    entry2.o(__vectab_stack_and_reset_area) refers to entry.o(.ARM.Collect$$$$00000000) for __main
    entry5.o(.ARM.Collect$$$$00000004) refers to init.o(.text) for __scatterload
    entry9a.o(.ARM.Collect$$$$0000000B) refers to main.o(.text.main) for main
    entry9b.o(.ARM.Collect$$$$0000000C) refers to main.o(.text.main) for main
    uldiv.o(.text) refers to llushr.o(.text) for __aeabi_llsr
    uldiv.o(.text) refers to llshl.o(.text) for __aeabi_llsl
    ctype_c.o(.text) refers to ctype_c.o(.constdata) for .constdata
    errno.o(i.__aeabi_errno_addr) refers to errno.o(.data) for .data
    errno.o(i.__read_errno) refers to errno.o(.data) for .data
    errno.o(i.__set_errno) refers to errno.o(.data) for .data
    strtod.o(.text) refers to scanf_fp.o(.text) for _scanf_real
    strtod.o(.text) refers to _sgetc.o(.text) for _sgetc
    strtod.o(.text) refers to isspace_o.o(.text) for isspace
    depilogue.o(.text) refers (Special) to iusefp.o(.text) for __I$use$fp
    depilogue.o(.text) refers to llshl.o(.text) for __aeabi_llsl
    depilogue.o(.text) refers to llushr.o(.text) for __aeabi_llsr
    dneg.o(.text) refers (Special) to iusefp.o(.text) for __I$use$fp
    dscalb.o(.text) refers (Special) to iusefp.o(.text) for __I$use$fp
    dflti.o(.text) refers (Special) to iusefp.o(.text) for __I$use$fp
    dflti.o(.text) refers to depilogue.o(.text) for _double_epilogue
    dfixul.o(.text) refers (Special) to iusefp.o(.text) for __I$use$fp
    dfixul.o(.text) refers to llushr.o(.text) for __aeabi_llsr
    dfixul.o(.text) refers to llshl.o(.text) for __aeabi_llsl
    cdrcmple.o(.text) refers (Special) to iusefp.o(.text) for __I$use$fp
    init.o(.text) refers to entry5.o(.ARM.Collect$$$$00000004) for __main_after_scatterload
    isspace_c.o(.text) refers to ctype_c.o(.text) for __ctype_lookup
    scanf_fp.o(.text) refers (Special) to iusefp.o(.text) for __I$use$fp
    scanf_fp.o(.text) refers to dfltul.o(.text) for __aeabi_ul2d
    scanf_fp.o(.text) refers to dmul.o(.text) for __aeabi_dmul
    scanf_fp.o(.text) refers to ddiv.o(.text) for __aeabi_ddiv
    scanf_fp.o(.text) refers to scanf_fp.o(i._is_digit) for _is_digit
    scanf_fp.o(.text) refers to d2f.o(.text) for __aeabi_d2f
    dsqrt.o(.text) refers (Special) to iusefp.o(.text) for __I$use$fp
    dsqrt.o(.text) refers to llushr.o(.text) for __aeabi_llsr
    dsqrt.o(.text) refers to depilogue.o(.text) for _double_round
    dfltul.o(.text) refers (Special) to iusefp.o(.text) for __I$use$fp
    dfltul.o(.text) refers to depilogue.o(.text) for _double_epilogue
    d2f.o(.text) refers (Special) to iusefp.o(.text) for __I$use$fp
    d2f.o(.text) refers to fepilogue.o(.text) for _float_round
    fepilogue.o(.text) refers (Special) to iusefp.o(.text) for __I$use$fp
    scanf_fp.o(i._is_digit) refers (Special) to iusefp.o(.text) for __I$use$fp


==============================================================================

Removing Unused input sections from the image.

    Removing main.o(.text), (0 bytes).
    Removing main.o(.ARM.exidx.text.main), (8 bytes).
    Removing main.o(.ARM.exidx.text.InitialisationStage), (8 bytes).
    Removing main.o(.ARM.exidx.text.InitCursor), (8 bytes).
    Removing main.o(.ARM.exidx.text.WelcomingStage), (8 bytes).
    Removing main.o(.ARM.exidx.text.switchToggleEmoji), (8 bytes).
    Removing main.o(.ARM.exidx.text.mainCalculatorFunction), (8 bytes).
    Removing main.o(.ARM.exidx.text.GetKeyASCII), (8 bytes).
    Removing main.o(.ARM.exidx.text.printErrorMsg), (8 bytes).
    Removing main.o(.ARM.exidx.text.printSentence), (8 bytes).
    Removing main.o(.ARM.exidx.text.resetUserInputs), (8 bytes).
    Removing main.o(.ARM.exidx.text.deleteLastChar), (8 bytes).
    Removing main.o(.ARM.exidx.text.appendCharacters), (8 bytes).
    Removing main.o(.ARM.exidx.text.setPassword), (8 bytes).
    Removing main.o(.ARM.exidx.text.printPasswordSecondLine), (8 bytes).
    Removing main.o(.ARM.exidx.text.secondLinePasswordPrompt), (8 bytes).
    Removing main.o(.ARM.exidx.text.errorAction), (8 bytes).
    Removing main.o(.ARM.use_no_argv), (4 bytes).
    Removing pll.o(.text), (0 bytes).
    Removing pll.o(.ARM.exidx.text.SysTick_Init), (8 bytes).
    Removing pll.o(.ARM.exidx.text.PLL_Init), (8 bytes).
    Removing pll.o(.ARM.exidx.text.SysTick_Wait), (8 bytes).
    Removing pll.o(.ARM.exidx.text.wait_us), (8 bytes).
    Removing uart.o(.text), (0 bytes).
    Removing uart.o(.ARM.exidx.text.UART_Init), (8 bytes).
    Removing uart.o(.text.UART_InChar), (36 bytes).
    Removing uart.o(.ARM.exidx.text.UART_InChar), (8 bytes).
    Removing uart.o(.ARM.exidx.text.UART_OutChar), (8 bytes).
    Removing uart.o(.ARM.exidx.text.fputc), (8 bytes).
    Removing uart.o(.text.fgetc), (30 bytes).
    Removing uart.o(.ARM.exidx.text.fgetc), (8 bytes).
    Removing uart.o(.text.ferror), (12 bytes).
    Removing uart.o(.ARM.exidx.text.ferror), (8 bytes).
    Removing port_init.o(.text), (0 bytes).
    Removing port_init.o(.ARM.exidx.text.PortA_Init), (8 bytes).
    Removing port_init.o(.ARM.exidx.text.PortB_Init), (8 bytes).
    Removing port_init.o(.ARM.exidx.text.PortD_Init), (8 bytes).
    Removing port_init.o(.ARM.exidx.text.PortE_Init), (8 bytes).
    Removing port_init.o(.ARM.exidx.text.InitPortValues), (8 bytes).
    Removing lexer.o(.text), (0 bytes).
    Removing lexer.o(.ARM.exidx.text.checkSyntax), (8 bytes).
    Removing lexer.o(.ARM.exidx.text.doCalculation), (8 bytes).
    Removing lexer.o(.ARM.exidx.text.executeOperation), (8 bytes).
    Removing lexer.o(.ARM.exidx.text.setExponentFormatSubstring), (8 bytes).
    Removing lexer.o(.ARM.exidx.text.delCalculatedElement), (8 bytes).
    Removing lexer.o(.ARM.exidx.text.tokenizeInputString), (8 bytes).
    Removing lexer.o(.ARM.exidx.text.cleanTokenEntries), (8 bytes).
    Removing hd44780u.o(.text), (0 bytes).
    Removing hd44780u.o(.ARM.exidx.text.InitDisplayPort), (8 bytes).
    Removing hd44780u.o(.ARM.exidx.text.SendDisplayNibble), (8 bytes).
    Removing hd44780u.o(.ARM.exidx.text.SendDisplayByte), (8 bytes).
    Removing hd44780u.o(.ARM.exidx.text.InitCustomCharacters), (8 bytes).
    Removing hd44780u.o(.ARM.exidx.text.ENPulseDelay), (8 bytes).
    Removing hd44780u.o(.ARM.exidx.text.clearDisplayScreen), (8 bytes).
    Removing hd44780u.o(.ARM.exidx.text.printDisplay), (8 bytes).
    Removing hd44780u.o(.ARM.exidx.text.displayDeleteLastChar), (8 bytes).
    Removing eeprom.o(.text), (0 bytes).
    Removing eeprom.o(.ARM.exidx.text.EEPROM_Init), (8 bytes).
    Removing eeprom.o(.ARM.exidx.text.waitEEPROMDONE), (8 bytes).
    Removing eeprom.o(.ARM.exidx.text.EEPROM_Write), (8 bytes).
    Removing eeprom.o(.ARM.exidx.text.EEPROM_Read), (8 bytes).
    Removing startup_tm4c123.o(HEAP), (0 bytes).
    Removing system_tm4c123.o(.text), (0 bytes).
    Removing system_tm4c123.o(.text.SystemCoreClockUpdate), (326 bytes).
    Removing system_tm4c123.o(.ARM.exidx.text.SystemCoreClockUpdate), (8 bytes).
    Removing system_tm4c123.o(.text.getOscClk), (360 bytes).
    Removing system_tm4c123.o(.ARM.exidx.text.getOscClk), (8 bytes).
    Removing system_tm4c123.o(.ARM.exidx.text.SystemInit), (8 bytes).
    Removing system_tm4c123.o(.data.SystemCoreClock), (4 bytes).
    Removing dneg.o(.text), (6 bytes).

70 unused section(s) (total 1202 bytes) removed from the image.

==============================================================================

Image Symbol Table

    Local Symbols

    Symbol Name                              Value     Ov Type        Size  Object(Section)

    ../clib/division.s                       0x00000000   Number         0  aeabi_sdiv.o ABSOLUTE
    ../clib/microlib/ctype/ctype.c           0x00000000   Number         0  isdigit_c.o ABSOLUTE
    ../clib/microlib/ctype/ctype.c           0x00000000   Number         0  ctype_o.o ABSOLUTE
    ../clib/microlib/ctype/ctype.c           0x00000000   Number         0  isalnum_o.o ABSOLUTE
    ../clib/microlib/ctype/ctype.c           0x00000000   Number         0  isalpha_o.o ABSOLUTE
    ../clib/microlib/ctype/ctype.c           0x00000000   Number         0  isblank_o.o ABSOLUTE
    ../clib/microlib/ctype/ctype.c           0x00000000   Number         0  iscntrl_o.o ABSOLUTE
    ../clib/microlib/ctype/ctype.c           0x00000000   Number         0  isdigit_o.o ABSOLUTE
    ../clib/microlib/ctype/ctype.c           0x00000000   Number         0  isgraph_o.o ABSOLUTE
    ../clib/microlib/ctype/ctype.c           0x00000000   Number         0  islower_o.o ABSOLUTE
    ../clib/microlib/ctype/ctype.c           0x00000000   Number         0  isprint_o.o ABSOLUTE
    ../clib/microlib/ctype/ctype.c           0x00000000   Number         0  ispunct_o.o ABSOLUTE
    ../clib/microlib/ctype/ctype.c           0x00000000   Number         0  isspace_o.o ABSOLUTE
    ../clib/microlib/ctype/ctype.c           0x00000000   Number         0  isupper_o.o ABSOLUTE
    ../clib/microlib/ctype/ctype.c           0x00000000   Number         0  isxdigit_o.o ABSOLUTE
    ../clib/microlib/ctype/ctype.c           0x00000000   Number         0  ctype_c.o ABSOLUTE
    ../clib/microlib/ctype/ctype.c           0x00000000   Number         0  isspace_c.o ABSOLUTE
    ../clib/microlib/division.c              0x00000000   Number         0  uidiv.o ABSOLUTE
    ../clib/microlib/division.c              0x00000000   Number         0  uldiv.o ABSOLUTE
    ../clib/microlib/errno.c                 0x00000000   Number         0  errno.o ABSOLUTE
    ../clib/microlib/init/entry.s            0x00000000   Number         0  entry.o ABSOLUTE
    ../clib/microlib/init/entry.s            0x00000000   Number         0  entry2.o ABSOLUTE
    ../clib/microlib/init/entry.s            0x00000000   Number         0  entry5.o ABSOLUTE
    ../clib/microlib/init/entry.s            0x00000000   Number         0  entry7a.o ABSOLUTE
    ../clib/microlib/init/entry.s            0x00000000   Number         0  entry7b.o ABSOLUTE
    ../clib/microlib/init/entry.s            0x00000000   Number         0  entry8a.o ABSOLUTE
    ../clib/microlib/init/entry.s            0x00000000   Number         0  entry8b.o ABSOLUTE
    ../clib/microlib/init/entry.s            0x00000000   Number         0  entry9a.o ABSOLUTE
    ../clib/microlib/init/entry.s            0x00000000   Number         0  entry9b.o ABSOLUTE
    ../clib/microlib/init/entry.s            0x00000000   Number         0  entry10a.o ABSOLUTE
    ../clib/microlib/init/entry.s            0x00000000   Number         0  entry10b.o ABSOLUTE
    ../clib/microlib/init/entry.s            0x00000000   Number         0  entry11a.o ABSOLUTE
    ../clib/microlib/init/entry.s            0x00000000   Number         0  entry11b.o ABSOLUTE
    ../clib/microlib/longlong.c              0x00000000   Number         0  llshl.o ABSOLUTE
    ../clib/microlib/longlong.c              0x00000000   Number         0  llsshr.o ABSOLUTE
    ../clib/microlib/longlong.c              0x00000000   Number         0  llushr.o ABSOLUTE
    ../clib/microlib/printf/printf.c         0x00000000   Number         0  printfa.o ABSOLUTE
    ../clib/microlib/stdio/streams.c         0x00000000   Number         0  stdout.o ABSOLUTE
    ../clib/microlib/string/memcpy.c         0x00000000   Number         0  memmovea.o ABSOLUTE
    ../clib/microlib/string/memcpy.c         0x00000000   Number         0  memmoveb.o ABSOLUTE
    ../clib/microlib/string/memset.c         0x00000000   Number         0  memseta.o ABSOLUTE
    ../clib/microlib/string/strcmp.c         0x00000000   Number         0  strcmp.o ABSOLUTE
    ../clib/microlib/string/strlen.c         0x00000000   Number         0  strlen.o ABSOLUTE
    ../clib/microlib/string/strncpy.c        0x00000000   Number         0  strncpy.o ABSOLUTE
    ../clib/microlib/string/strstr.c         0x00000000   Number         0  strstr.o ABSOLUTE
    ../clib/microlib/stubs.s                 0x00000000   Number         0  iusefp.o ABSOLUTE
    ../clib/scanf.c                          0x00000000   Number         0  strtod.o ABSOLUTE
    ../clib/scanf.c                          0x00000000   Number         0  scanf_fp.o ABSOLUTE
    ../clib/scanf.c                          0x00000000   Number         0  _sgetc.o ABSOLUTE
    ../fplib/microlib/d2f.c                  0x00000000   Number         0  d2f.o ABSOLUTE
    ../fplib/microlib/fpadd.c                0x00000000   Number         0  dadd.o ABSOLUTE
    ../fplib/microlib/fpdiv.c                0x00000000   Number         0  ddiv.o ABSOLUTE
    ../fplib/microlib/fpepilogue.c           0x00000000   Number         0  depilogue.o ABSOLUTE
    ../fplib/microlib/fpepilogue.c           0x00000000   Number         0  fepilogue.o ABSOLUTE
    ../fplib/microlib/fpfix.c                0x00000000   Number         0  dfixul.o ABSOLUTE
    ../fplib/microlib/fpflt.c                0x00000000   Number         0  dflti.o ABSOLUTE
    ../fplib/microlib/fpflt.c                0x00000000   Number         0  dfltul.o ABSOLUTE
    ../fplib/microlib/fpmul.c                0x00000000   Number         0  dmul.o ABSOLUTE
    ../fplib/microlib/fpneg.c                0x00000000   Number         0  dneg.o ABSOLUTE
    ../fplib/microlib/fpscalb.c              0x00000000   Number         0  dscalb.o ABSOLUTE
    ../fplib/microlib/fpsqrt.c               0x00000000   Number         0  dsqrt.o ABSOLUTE
    ../mathlib/dunder.c                      0x00000000   Number         0  dunder.o ABSOLUTE
    ../mathlib/fabs.c                        0x00000000   Number         0  fabs.o ABSOLUTE
    ../mathlib/fpclassify.c                  0x00000000   Number         0  fpclassify.o ABSOLUTE
    ../mathlib/poly.c                        0x00000000   Number         0  poly.o ABSOLUTE
    ../mathlib/pow.c                         0x00000000   Number         0  pow.o ABSOLUTE
    ../mathlib/qnan.c                        0x00000000   Number         0  qnan.o ABSOLUTE
    ../mathlib/sqrt.c                        0x00000000   Number         0  sqrt.o ABSOLUTE
    ../mathlib/strtod.c                      0x00000000   Number         0  strtod.o ABSOLUTE
    EEPROM.c                                 0x00000000   Number         0  eeprom.o ABSOLUTE
    PLL.c                                    0x00000000   Number         0  pll.o ABSOLUTE
    RTE/Device/TM4C123GH6PM/startup_TM4C123.s 0x00000000   Number         0  startup_tm4c123.o ABSOLUTE
    UART.c                                   0x00000000   Number         0  uart.o ABSOLUTE
    cdrcmple.s                               0x00000000   Number         0  cdrcmple.o ABSOLUTE
    dc.s                                     0x00000000   Number         0  dc.o ABSOLUTE
    handlers.s                               0x00000000   Number         0  handlers.o ABSOLUTE
    hd44780u.c                               0x00000000   Number         0  hd44780u.o ABSOLUTE
    init.s                                   0x00000000   Number         0  init.o ABSOLUTE
    lexer.c                                  0x00000000   Number         0  lexer.o ABSOLUTE
    main.c                                   0x00000000   Number         0  main.o ABSOLUTE
    port_init.c                              0x00000000   Number         0  port_init.o ABSOLUTE
    system_TM4C123.c                         0x00000000   Number         0  system_tm4c123.o ABSOLUTE
    RESET                                    0x00000000   Section      620  startup_tm4c123.o(RESET)
    .ARM.Collect$$$$00000000                 0x0000026c   Section        0  entry.o(.ARM.Collect$$$$00000000)
    .ARM.Collect$$$$00000001                 0x0000026c   Section        4  entry2.o(.ARM.Collect$$$$00000001)
    .ARM.Collect$$$$00000004                 0x00000270   Section        4  entry5.o(.ARM.Collect$$$$00000004)
    .ARM.Collect$$$$00000008                 0x00000274   Section        0  entry7b.o(.ARM.Collect$$$$00000008)
    .ARM.Collect$$$$0000000A                 0x00000274   Section        0  entry8b.o(.ARM.Collect$$$$0000000A)
    .ARM.Collect$$$$0000000B                 0x00000274   Section        8  entry9a.o(.ARM.Collect$$$$0000000B)
    __lit__00000000                          0x0000027c   Data           4  entry2.o(.ARM.Collect$$$$00002712)
    .ARM.Collect$$$$0000000D                 0x0000027c   Section        0  entry10a.o(.ARM.Collect$$$$0000000D)
    .ARM.Collect$$$$0000000F                 0x0000027c   Section        0  entry11a.o(.ARM.Collect$$$$0000000F)
    .ARM.Collect$$$$00002712                 0x0000027c   Section        4  entry2.o(.ARM.Collect$$$$00002712)
    $v0                                      0x00000280   Number         0  startup_tm4c123.o(.text)
    .text                                    0x00000280   Section      252  startup_tm4c123.o(.text)
    .text                                    0x0000037c   Section        0  ctype_o.o(.text)
    .text                                    0x00000384   Section        0  isdigit_o.o(.text)
    .text                                    0x0000039c   Section        0  isspace_o.o(.text)
    .text                                    0x000003ae   Section        0  memmovea.o(.text)
    .text                                    0x000003ee   Section        0  memseta.o(.text)
    .text                                    0x00000412   Section        0  strstr.o(.text)
    .text                                    0x00000436   Section        0  strncpy.o(.text)
    .text                                    0x0000044e   Section        0  strlen.o(.text)
    .text                                    0x0000045c   Section        0  strcmp.o(.text)
    .text                                    0x00000478   Section        0  dadd.o(.text)
    .text                                    0x000005c6   Section        0  dmul.o(.text)
    .text                                    0x000006aa   Section        0  ddiv.o(.text)
    .text                                    0x00000788   Section        0  uidiv.o(.text)
    .text                                    0x000007b4   Section        0  uldiv.o(.text)
    .text                                    0x00000816   Section        0  llshl.o(.text)
    .text                                    0x00000834   Section        0  llsshr.o(.text)
    _local_sscanf                            0x00000859   Thumb Code    62  strtod.o(.text)
    .text                                    0x00000858   Section        0  strtod.o(.text)
    .text                                    0x00000900   Section        0  iusefp.o(.text)
    .text                                    0x00000900   Section        0  depilogue.o(.text)
    .text                                    0x000009ba   Section        0  dscalb.o(.text)
    .text                                    0x000009e8   Section        0  dflti.o(.text)
    .text                                    0x00000a0a   Section        0  dfixul.o(.text)
    .text                                    0x00000a3c   Section       48  cdrcmple.o(.text)
    .text                                    0x00000a6c   Section       36  init.o(.text)
    .text                                    0x00000a90   Section        0  llushr.o(.text)
    _fp_value                                0x00000ab1   Thumb Code   296  scanf_fp.o(.text)
    .text                                    0x00000ab0   Section        0  scanf_fp.o(.text)
    .text                                    0x00000e10   Section        0  _sgetc.o(.text)
    .text                                    0x00000e50   Section        0  dsqrt.o(.text)
    .text                                    0x00000ef2   Section        0  dfltul.o(.text)
    .text                                    0x00000f0a   Section        0  d2f.o(.text)
    .text                                    0x00000f42   Section        0  fepilogue.o(.text)
    [Anonymous Symbol]                       0x00000fb0   Section        0  eeprom.o(.text.EEPROM_Init)
    [Anonymous Symbol]                       0x0000102c   Section        0  eeprom.o(.text.EEPROM_Read)
    [Anonymous Symbol]                       0x000010a8   Section        0  eeprom.o(.text.EEPROM_Write)
    [Anonymous Symbol]                       0x0000115c   Section        0  hd44780u.o(.text.ENPulseDelay)
    [Anonymous Symbol]                       0x000011ac   Section        0  main.o(.text.GetKeyASCII)
    [Anonymous Symbol]                       0x00001288   Section        0  main.o(.text.InitCursor)
    [Anonymous Symbol]                       0x000012bc   Section        0  hd44780u.o(.text.InitCustomCharacters)
    [Anonymous Symbol]                       0x00001330   Section        0  hd44780u.o(.text.InitDisplayPort)
    [Anonymous Symbol]                       0x000013a8   Section        0  port_init.o(.text.InitPortValues)
    [Anonymous Symbol]                       0x000013c0   Section        0  main.o(.text.InitialisationStage)
    [Anonymous Symbol]                       0x000013e8   Section        0  pll.o(.text.PLL_Init)
    [Anonymous Symbol]                       0x00001480   Section        0  port_init.o(.text.PortA_Init)
    [Anonymous Symbol]                       0x000014d4   Section        0  port_init.o(.text.PortB_Init)
    [Anonymous Symbol]                       0x00001528   Section        0  port_init.o(.text.PortD_Init)
    [Anonymous Symbol]                       0x00001598   Section        0  port_init.o(.text.PortE_Init)
    [Anonymous Symbol]                       0x00001600   Section        0  hd44780u.o(.text.SendDisplayByte)
    [Anonymous Symbol]                       0x0000162c   Section        0  hd44780u.o(.text.SendDisplayNibble)
    [Anonymous Symbol]                       0x00001674   Section        0  pll.o(.text.SysTick_Init)
    [Anonymous Symbol]                       0x000016a0   Section        0  pll.o(.text.SysTick_Wait)
    [Anonymous Symbol]                       0x000016d8   Section        0  system_tm4c123.o(.text.SystemInit)
    [Anonymous Symbol]                       0x000017e4   Section        0  uart.o(.text.UART_Init)
    [Anonymous Symbol]                       0x00001884   Section        0  uart.o(.text.UART_OutChar)
    [Anonymous Symbol]                       0x000018b4   Section        0  main.o(.text.WelcomingStage)
    [Anonymous Symbol]                       0x000019cc   Section        0  main.o(.text.appendCharacters)
    [Anonymous Symbol]                       0x00001a08   Section        0  lexer.o(.text.checkSyntax)
    [Anonymous Symbol]                       0x00001be4   Section        0  lexer.o(.text.cleanTokenEntries)
    [Anonymous Symbol]                       0x00001c04   Section        0  hd44780u.o(.text.clearDisplayScreen)
    [Anonymous Symbol]                       0x00001c14   Section        0  lexer.o(.text.delCalculatedElement)
    [Anonymous Symbol]                       0x00001ca8   Section        0  main.o(.text.deleteLastChar)
    [Anonymous Symbol]                       0x00001cfc   Section        0  hd44780u.o(.text.displayDeleteLastChar)
    [Anonymous Symbol]                       0x00001d24   Section        0  lexer.o(.text.doCalculation)
    [Anonymous Symbol]                       0x00001eb8   Section        0  main.o(.text.errorAction)
    [Anonymous Symbol]                       0x00001ee8   Section        0  lexer.o(.text.executeOperation)
    [Anonymous Symbol]                       0x00001ff0   Section        0  uart.o(.text.fputc)
    [Anonymous Symbol]                       0x00002038   Section        0  main.o(.text.main)
    [Anonymous Symbol]                       0x00002058   Section        0  main.o(.text.mainCalculatorFunction)
    [Anonymous Symbol]                       0x00002250   Section        0  hd44780u.o(.text.printDisplay)
    [Anonymous Symbol]                       0x00002280   Section        0  main.o(.text.printErrorMsg)
    [Anonymous Symbol]                       0x00002298   Section        0  main.o(.text.printPasswordSecondLine)
    [Anonymous Symbol]                       0x000022e0   Section        0  main.o(.text.printSentence)
    [Anonymous Symbol]                       0x00002334   Section        0  main.o(.text.resetUserInputs)
    [Anonymous Symbol]                       0x00002354   Section        0  main.o(.text.secondLinePasswordPrompt)
    [Anonymous Symbol]                       0x00002388   Section        0  lexer.o(.text.setExponentFormatSubstring)
    [Anonymous Symbol]                       0x00002468   Section        0  main.o(.text.setPassword)
    [Anonymous Symbol]                       0x000025ac   Section        0  main.o(.text.switchToggleEmoji)
    [Anonymous Symbol]                       0x0000260c   Section        0  lexer.o(.text.tokenizeInputString)
    [Anonymous Symbol]                       0x00002764   Section        0  eeprom.o(.text.waitEEPROMDONE)
    [Anonymous Symbol]                       0x000027a0   Section        0  pll.o(.text.wait_us)
    i.__0printf                              0x000027b8   Section        0  printfa.o(i.__0printf)
    i.__0snprintf                            0x000027d8   Section        0  printfa.o(i.__0snprintf)
    i.__0sprintf                             0x0000280c   Section        0  printfa.o(i.__0sprintf)
    i.__ARM_fpclassify                       0x00002834   Section        0  fpclassify.o(i.__ARM_fpclassify)
    i.__hardfp_pow                           0x00002868   Section        0  pow.o(i.__hardfp_pow)
    i.__hardfp_strtod                        0x000034c8   Section        0  strtod.o(i.__hardfp_strtod)
    i.__kernel_poly                          0x000034f0   Section        0  poly.o(i.__kernel_poly)
    i.__mathlib_dbl_divzero                  0x000035e8   Section        0  dunder.o(i.__mathlib_dbl_divzero)
    i.__mathlib_dbl_infnan2                  0x00003618   Section        0  dunder.o(i.__mathlib_dbl_infnan2)
    i.__mathlib_dbl_invalid                  0x00003630   Section        0  dunder.o(i.__mathlib_dbl_invalid)
    i.__mathlib_dbl_overflow                 0x00003650   Section        0  dunder.o(i.__mathlib_dbl_overflow)
    i.__mathlib_dbl_underflow                0x00003670   Section        0  dunder.o(i.__mathlib_dbl_underflow)
    i.__scatterload_copy                     0x00003690   Section       14  handlers.o(i.__scatterload_copy)
    i.__scatterload_null                     0x0000369e   Section        2  handlers.o(i.__scatterload_null)
    i.__scatterload_zeroinit                 0x000036a0   Section       14  handlers.o(i.__scatterload_zeroinit)
    i.__set_errno                            0x000036b0   Section        0  errno.o(i.__set_errno)
    _fp_digits                               0x000036bd   Thumb Code   366  printfa.o(i._fp_digits)
    i._fp_digits                             0x000036bc   Section        0  printfa.o(i._fp_digits)
    i._is_digit                              0x00003840   Section        0  scanf_fp.o(i._is_digit)
    _printf_core                             0x00003851   Thumb Code  1744  printfa.o(i._printf_core)
    i._printf_core                           0x00003850   Section        0  printfa.o(i._printf_core)
    _printf_post_padding                     0x00003f2d   Thumb Code    36  printfa.o(i._printf_post_padding)
    i._printf_post_padding                   0x00003f2c   Section        0  printfa.o(i._printf_post_padding)
    _printf_pre_padding                      0x00003f51   Thumb Code    46  printfa.o(i._printf_pre_padding)
    i._printf_pre_padding                    0x00003f50   Section        0  printfa.o(i._printf_pre_padding)
    _snputc                                  0x00003f7f   Thumb Code    22  printfa.o(i._snputc)
    i._snputc                                0x00003f7e   Section        0  printfa.o(i._snputc)
    _sputc                                   0x00003f95   Thumb Code    10  printfa.o(i._sputc)
    i._sputc                                 0x00003f94   Section        0  printfa.o(i._sputc)
    i.fabs                                   0x00003f9e   Section        0  fabs.o(i.fabs)
    i.sqrt                                   0x00003fb6   Section        0  sqrt.o(i.sqrt)
    bp                                       0x00004028   Data          16  pow.o(.constdata)
    .constdata                               0x00004028   Section      136  pow.o(.constdata)
    dp_h                                     0x00004038   Data          16  pow.o(.constdata)
    dp_l                                     0x00004048   Data          16  pow.o(.constdata)
    L                                        0x00004058   Data          48  pow.o(.constdata)
    P                                        0x00004088   Data          40  pow.o(.constdata)
    .constdata                               0x000040b0   Section      129  ctype_o.o(.constdata)
    table                                    0x00004134   Data           4  ctype_o.o(.constdata)
    .constdata                               0x00004134   Section        4  ctype_o.o(.constdata)
    .constdata                               0x00004138   Section        8  qnan.o(.constdata)
    .L__const.printPasswordSecondLine.secondLineInfo 0x00004140   Data           8  main.o(.rodata..L__const.printPasswordSecondLine.secondLineInfo)
    keyPadConfig                             0x00004148   Data          32  main.o(.rodata.keyPadConfig)
    [Anonymous Symbol]                       0x00004148   Section        0  main.o(.rodata.keyPadConfig)
    operators                                0x00004168   Data           6  lexer.o(.rodata.operators)
    [Anonymous Symbol]                       0x00004168   Section        0  lexer.o(.rodata.operators)
    .L.str.4                                 0x0000416e   Data          11  main.o(.rodata.str1.1)
    [Anonymous Symbol]                       0x0000416e   Section        0  main.o(.rodata.str1.1)
    .L.str                                   0x00004179   Data           3  main.o(.rodata.str1.1)
    .L.str.1                                 0x0000417c   Data          10  main.o(.rodata.str1.1)
    .L.str.5                                 0x00004186   Data          14  main.o(.rodata.str1.1)
    .L.str.2                                 0x0000419f   Data          13  main.o(.rodata.str1.1)
    .L.str.3                                 0x000041ac   Data          16  main.o(.rodata.str1.1)
    .L.str                                   0x000041cb   Data          15  lexer.o(.rodata.str1.1)
    [Anonymous Symbol]                       0x000041cb   Section        0  lexer.o(.rodata.str1.1)
    .L.str.4                                 0x000041da   Data           3  lexer.o(.rodata.str1.1)
    .L.str.5                                 0x000041dd   Data           4  lexer.o(.rodata.str1.1)
    .L.str.6                                 0x000041e1   Data           4  lexer.o(.rodata.str1.1)
    .L.str.7                                 0x000041e5   Data           2  lexer.o(.rodata.str1.1)
    .L.str.2                                 0x000041e7   Data           5  lexer.o(.rodata.str1.1)
    .L.str.3                                 0x000041ec   Data           2  lexer.o(.rodata.str1.1)
    .L.str.1                                 0x000041ee   Data           3  lexer.o(.rodata.str1.1)
    switchEmoji                              0x000041f1   Data          64  hd44780u.o(.rodata.switchEmoji)
    [Anonymous Symbol]                       0x000041f1   Section        0  hd44780u.o(.rodata.switchEmoji)
    .data                                    0x20000000   Section        4  stdout.o(.data)
    _errno                                   0x20000004   Data           4  errno.o(.data)
    .data                                    0x20000004   Section        4  errno.o(.data)
    tempInput                                0x20000008   Data           1  main.o(.data.tempInput)
    [Anonymous Symbol]                       0x20000008   Section        0  main.o(.data.tempInput)
    numChars                                 0x20000010   Data           1  main.o(.bss.numChars)
    [Anonymous Symbol]                       0x20000010   Section        0  main.o(.bss.numChars)
    numTok                                   0x20000011   Data           1  lexer.o(.bss.numTok)
    [Anonymous Symbol]                       0x20000011   Section        0  lexer.o(.bss.numTok)
    shiftToggle                              0x20000012   Data           1  main.o(.bss.shiftToggle)
    [Anonymous Symbol]                       0x20000012   Section        0  main.o(.bss.shiftToggle)
    token                                    0x20000013   Data        1521  lexer.o(.bss.token)
    [Anonymous Symbol]                       0x20000013   Section        0  lexer.o(.bss.token)
    userInputs                               0x20000604   Data          40  main.o(.bss.userInputs)
    [Anonymous Symbol]                       0x20000604   Section        0  main.o(.bss.userInputs)
    STACK                                    0x20000630   Section      512  startup_tm4c123.o(STACK)

    Global Symbols

    Symbol Name                              Value     Ov Type        Size  Object(Section)

    BuildAttributes$$THM_ISAv4$E$P$D$K$B$S$7EM$VFPi3$EXTD16$VFPS$VFMA$PE$A:L22UL41UL21$X:L11$S22US41US21$IEEE1$IW$~IW$USESV6$~STKCKD$USESV7$~SHL$OTIME$ROPI$IEEEX$EBA8$MICROLIB$REQ8$PRES8$EABIv2 0x00000000   Number         0  anon$$obj.o ABSOLUTE
    __Vectors                                0x00000000   Data           4  startup_tm4c123.o(RESET)
    __cpp_initialize__aeabi_                  - Undefined Weak Reference
    __cxa_finalize                            - Undefined Weak Reference
    __decompress                              - Undefined Weak Reference
    _clock_init                               - Undefined Weak Reference
    _microlib_exit                            - Undefined Weak Reference
    __Vectors_End                            0x0000026c   Data           0  startup_tm4c123.o(RESET)
    __Vectors_Size                           0x0000026c   Number         0  startup_tm4c123.o ABSOLUTE
    __main                                   0x0000026d   Thumb Code     0  entry.o(.ARM.Collect$$$$00000000)
    _main_stk                                0x0000026d   Thumb Code     0  entry2.o(.ARM.Collect$$$$00000001)
    _main_scatterload                        0x00000271   Thumb Code     0  entry5.o(.ARM.Collect$$$$00000004)
    __main_after_scatterload                 0x00000275   Thumb Code     0  entry5.o(.ARM.Collect$$$$00000004)
    _main_clock                              0x00000275   Thumb Code     0  entry7b.o(.ARM.Collect$$$$00000008)
    _main_cpp_init                           0x00000275   Thumb Code     0  entry8b.o(.ARM.Collect$$$$0000000A)
    _main_init                               0x00000275   Thumb Code     0  entry9a.o(.ARM.Collect$$$$0000000B)
    __rt_final_cpp                           0x0000027d   Thumb Code     0  entry10a.o(.ARM.Collect$$$$0000000D)
    __rt_final_exit                          0x0000027d   Thumb Code     0  entry11a.o(.ARM.Collect$$$$0000000F)
    Reset_Handler                            0x00000281   Thumb Code     8  startup_tm4c123.o(.text)
    NMI_Handler                              0x00000289   Thumb Code     2  startup_tm4c123.o(.text)
    HardFault_Handler                        0x0000028b   Thumb Code     2  startup_tm4c123.o(.text)
    MemManage_Handler                        0x0000028d   Thumb Code     2  startup_tm4c123.o(.text)
    BusFault_Handler                         0x0000028f   Thumb Code     2  startup_tm4c123.o(.text)
    UsageFault_Handler                       0x00000291   Thumb Code     2  startup_tm4c123.o(.text)
    SVC_Handler                              0x00000293   Thumb Code     2  startup_tm4c123.o(.text)
    DebugMon_Handler                         0x00000295   Thumb Code     2  startup_tm4c123.o(.text)
    PendSV_Handler                           0x00000297   Thumb Code     2  startup_tm4c123.o(.text)
    SysTick_Handler                          0x00000299   Thumb Code     2  startup_tm4c123.o(.text)
    GPIOA_Handler                            0x0000029b   Thumb Code     2  startup_tm4c123.o(.text)
    GPIOB_Handler                            0x0000029d   Thumb Code     2  startup_tm4c123.o(.text)
    GPIOC_Handler                            0x0000029f   Thumb Code     2  startup_tm4c123.o(.text)
    GPIOD_Handler                            0x000002a1   Thumb Code     2  startup_tm4c123.o(.text)
    GPIOE_Handler                            0x000002a3   Thumb Code     2  startup_tm4c123.o(.text)
    UART0_Handler                            0x000002a5   Thumb Code     2  startup_tm4c123.o(.text)
    UART1_Handler                            0x000002a7   Thumb Code     2  startup_tm4c123.o(.text)
    SSI0_Handler                             0x000002a9   Thumb Code     2  startup_tm4c123.o(.text)
    I2C0_Handler                             0x000002ab   Thumb Code     2  startup_tm4c123.o(.text)
    PMW0_FAULT_Handler                       0x000002ad   Thumb Code     2  startup_tm4c123.o(.text)
    PWM0_0_Handler                           0x000002af   Thumb Code     2  startup_tm4c123.o(.text)
    PWM0_1_Handler                           0x000002b1   Thumb Code     2  startup_tm4c123.o(.text)
    PWM0_2_Handler                           0x000002b3   Thumb Code     2  startup_tm4c123.o(.text)
    QEI0_Handler                             0x000002b5   Thumb Code     2  startup_tm4c123.o(.text)
    ADC0SS0_Handler                          0x000002b7   Thumb Code     2  startup_tm4c123.o(.text)
    ADC0SS1_Handler                          0x000002b9   Thumb Code     2  startup_tm4c123.o(.text)
    ADC0SS2_Handler                          0x000002bb   Thumb Code     2  startup_tm4c123.o(.text)
    ADC0SS3_Handler                          0x000002bd   Thumb Code     2  startup_tm4c123.o(.text)
    WDT0_Handler                             0x000002bf   Thumb Code     2  startup_tm4c123.o(.text)
    TIMER0A_Handler                          0x000002c1   Thumb Code     2  startup_tm4c123.o(.text)
    TIMER0B_Handler                          0x000002c3   Thumb Code     2  startup_tm4c123.o(.text)
    TIMER1A_Handler                          0x000002c5   Thumb Code     2  startup_tm4c123.o(.text)
    TIMER1B_Handler                          0x000002c7   Thumb Code     2  startup_tm4c123.o(.text)
    TIMER2A_Handler                          0x000002c9   Thumb Code     2  startup_tm4c123.o(.text)
    TIMER2B_Handler                          0x000002cb   Thumb Code     2  startup_tm4c123.o(.text)
    COMP0_Handler                            0x000002cd   Thumb Code     2  startup_tm4c123.o(.text)
    COMP1_Handler                            0x000002cf   Thumb Code     2  startup_tm4c123.o(.text)
    COMP2_Handler                            0x000002d1   Thumb Code     2  startup_tm4c123.o(.text)
    SYSCTL_Handler                           0x000002d3   Thumb Code     2  startup_tm4c123.o(.text)
    FLASH_Handler                            0x000002d5   Thumb Code     2  startup_tm4c123.o(.text)
    GPIOF_Handler                            0x000002d7   Thumb Code     2  startup_tm4c123.o(.text)
    GPIOG_Handler                            0x000002d9   Thumb Code     2  startup_tm4c123.o(.text)
    GPIOH_Handler                            0x000002db   Thumb Code     2  startup_tm4c123.o(.text)
    UART2_Handler                            0x000002dd   Thumb Code     2  startup_tm4c123.o(.text)
    SSI1_Handler                             0x000002df   Thumb Code     2  startup_tm4c123.o(.text)
    TIMER3A_Handler                          0x000002e1   Thumb Code     2  startup_tm4c123.o(.text)
    TIMER3B_Handler                          0x000002e3   Thumb Code     2  startup_tm4c123.o(.text)
    I2C1_Handler                             0x000002e5   Thumb Code     2  startup_tm4c123.o(.text)
    QEI1_Handler                             0x000002e7   Thumb Code     2  startup_tm4c123.o(.text)
    CAN0_Handler                             0x000002e9   Thumb Code     2  startup_tm4c123.o(.text)
    CAN1_Handler                             0x000002eb   Thumb Code     2  startup_tm4c123.o(.text)
    CAN2_Handler                             0x000002ed   Thumb Code     2  startup_tm4c123.o(.text)
    HIB_Handler                              0x000002ef   Thumb Code     2  startup_tm4c123.o(.text)
    USB0_Handler                             0x000002f1   Thumb Code     2  startup_tm4c123.o(.text)
    PWM0_3_Handler                           0x000002f3   Thumb Code     2  startup_tm4c123.o(.text)
    UDMA_Handler                             0x000002f5   Thumb Code     2  startup_tm4c123.o(.text)
    UDMAERR_Handler                          0x000002f7   Thumb Code     2  startup_tm4c123.o(.text)
    ADC1SS0_Handler                          0x000002f9   Thumb Code     2  startup_tm4c123.o(.text)
    ADC1SS1_Handler                          0x000002fb   Thumb Code     2  startup_tm4c123.o(.text)
    ADC1SS2_Handler                          0x000002fd   Thumb Code     2  startup_tm4c123.o(.text)
    ADC1SS3_Handler                          0x000002ff   Thumb Code     2  startup_tm4c123.o(.text)
    GPIOJ_Handler                            0x00000301   Thumb Code     2  startup_tm4c123.o(.text)
    GPIOK_Handler                            0x00000303   Thumb Code     2  startup_tm4c123.o(.text)
    GPIOL_Handler                            0x00000305   Thumb Code     2  startup_tm4c123.o(.text)
    SSI2_Handler                             0x00000307   Thumb Code     2  startup_tm4c123.o(.text)
    SSI3_Handler                             0x00000309   Thumb Code     2  startup_tm4c123.o(.text)
    UART3_Handler                            0x0000030b   Thumb Code     2  startup_tm4c123.o(.text)
    UART4_Handler                            0x0000030d   Thumb Code     2  startup_tm4c123.o(.text)
    UART5_Handler                            0x0000030f   Thumb Code     2  startup_tm4c123.o(.text)
    UART6_Handler                            0x00000311   Thumb Code     2  startup_tm4c123.o(.text)
    UART7_Handler                            0x00000313   Thumb Code     2  startup_tm4c123.o(.text)
    I2C2_Handler                             0x00000315   Thumb Code     2  startup_tm4c123.o(.text)
    I2C3_Handler                             0x00000317   Thumb Code     2  startup_tm4c123.o(.text)
    TIMER4A_Handler                          0x00000319   Thumb Code     2  startup_tm4c123.o(.text)
    TIMER4B_Handler                          0x0000031b   Thumb Code     2  startup_tm4c123.o(.text)
    TIMER5A_Handler                          0x0000031d   Thumb Code     2  startup_tm4c123.o(.text)
    TIMER5B_Handler                          0x0000031f   Thumb Code     2  startup_tm4c123.o(.text)
    WTIMER0A_Handler                         0x00000321   Thumb Code     2  startup_tm4c123.o(.text)
    WTIMER0B_Handler                         0x00000323   Thumb Code     2  startup_tm4c123.o(.text)
    WTIMER1A_Handler                         0x00000325   Thumb Code     2  startup_tm4c123.o(.text)
    WTIMER1B_Handler                         0x00000327   Thumb Code     2  startup_tm4c123.o(.text)
    WTIMER2A_Handler                         0x00000329   Thumb Code     2  startup_tm4c123.o(.text)
    WTIMER2B_Handler                         0x0000032b   Thumb Code     2  startup_tm4c123.o(.text)
    WTIMER3A_Handler                         0x0000032d   Thumb Code     2  startup_tm4c123.o(.text)
    WTIMER3B_Handler                         0x0000032f   Thumb Code     2  startup_tm4c123.o(.text)
    WTIMER4A_Handler                         0x00000331   Thumb Code     2  startup_tm4c123.o(.text)
    WTIMER4B_Handler                         0x00000333   Thumb Code     2  startup_tm4c123.o(.text)
    WTIMER5A_Handler                         0x00000335   Thumb Code     2  startup_tm4c123.o(.text)
    WTIMER5B_Handler                         0x00000337   Thumb Code     2  startup_tm4c123.o(.text)
    FPU_Handler                              0x00000339   Thumb Code     2  startup_tm4c123.o(.text)
    I2C4_Handler                             0x0000033b   Thumb Code     2  startup_tm4c123.o(.text)
    I2C5_Handler                             0x0000033d   Thumb Code     2  startup_tm4c123.o(.text)
    GPIOM_Handler                            0x0000033f   Thumb Code     2  startup_tm4c123.o(.text)
    GPION_Handler                            0x00000341   Thumb Code     2  startup_tm4c123.o(.text)
    QEI2_Handler                             0x00000343   Thumb Code     2  startup_tm4c123.o(.text)
    GPIOP0_Handler                           0x00000345   Thumb Code     2  startup_tm4c123.o(.text)
    GPIOP1_Handler                           0x00000347   Thumb Code     2  startup_tm4c123.o(.text)
    GPIOP2_Handler                           0x00000349   Thumb Code     2  startup_tm4c123.o(.text)
    GPIOP3_Handler                           0x0000034b   Thumb Code     2  startup_tm4c123.o(.text)
    GPIOP4_Handler                           0x0000034d   Thumb Code     2  startup_tm4c123.o(.text)
    GPIOP5_Handler                           0x0000034f   Thumb Code     2  startup_tm4c123.o(.text)
    GPIOP6_Handler                           0x00000351   Thumb Code     2  startup_tm4c123.o(.text)
    GPIOP7_Handler                           0x00000353   Thumb Code     2  startup_tm4c123.o(.text)
    GPIOQ0_Handler                           0x00000355   Thumb Code     2  startup_tm4c123.o(.text)
    GPIOQ1_Handler                           0x00000357   Thumb Code     2  startup_tm4c123.o(.text)
    GPIOQ2_Handler                           0x00000359   Thumb Code     2  startup_tm4c123.o(.text)
    GPIOQ3_Handler                           0x0000035b   Thumb Code     2  startup_tm4c123.o(.text)
    GPIOQ4_Handler                           0x0000035d   Thumb Code     2  startup_tm4c123.o(.text)
    GPIOQ5_Handler                           0x0000035f   Thumb Code     2  startup_tm4c123.o(.text)
    GPIOQ6_Handler                           0x00000361   Thumb Code     2  startup_tm4c123.o(.text)
    GPIOQ7_Handler                           0x00000363   Thumb Code     2  startup_tm4c123.o(.text)
    GPIOR_Handler                            0x00000365   Thumb Code     2  startup_tm4c123.o(.text)
    GPIOS_Handler                            0x00000367   Thumb Code     2  startup_tm4c123.o(.text)
    PMW1_0_Handler                           0x00000369   Thumb Code     2  startup_tm4c123.o(.text)
    PWM1_1_Handler                           0x0000036b   Thumb Code     2  startup_tm4c123.o(.text)
    PWM1_2_Handler                           0x0000036d   Thumb Code     2  startup_tm4c123.o(.text)
    PWM1_3_Handler                           0x0000036f   Thumb Code     2  startup_tm4c123.o(.text)
    PWM1_FAULT_Handler                       0x00000371   Thumb Code     2  startup_tm4c123.o(.text)
    __rt_ctype_table                         0x0000037d   Thumb Code     4  ctype_o.o(.text)
    isdigit                                  0x00000385   Thumb Code    24  isdigit_o.o(.text)
    isspace                                  0x0000039d   Thumb Code    18  isspace_o.o(.text)
    ___aeabi_memcpy$move                     0x000003af   Thumb Code    64  memmovea.o(.text)
    ___aeabi_memcpy4$move                    0x000003af   Thumb Code     0  memmovea.o(.text)
    ___aeabi_memcpy8$move                    0x000003af   Thumb Code     0  memmovea.o(.text)
    __aeabi_memmove                          0x000003af   Thumb Code     0  memmovea.o(.text)
    __aeabi_memmove4                         0x000003af   Thumb Code     0  memmovea.o(.text)
    __aeabi_memmove8                         0x000003af   Thumb Code     0  memmovea.o(.text)
    __aeabi_memset                           0x000003ef   Thumb Code    14  memseta.o(.text)
    __aeabi_memset4                          0x000003ef   Thumb Code     0  memseta.o(.text)
    __aeabi_memset8                          0x000003ef   Thumb Code     0  memseta.o(.text)
    __aeabi_memclr                           0x000003fd   Thumb Code     4  memseta.o(.text)
    __aeabi_memclr4                          0x000003fd   Thumb Code     0  memseta.o(.text)
    __aeabi_memclr8                          0x000003fd   Thumb Code     0  memseta.o(.text)
    _memset$wrapper                          0x00000401   Thumb Code    18  memseta.o(.text)
    strstr                                   0x00000413   Thumb Code    36  strstr.o(.text)
    strncpy                                  0x00000437   Thumb Code    24  strncpy.o(.text)
    strlen                                   0x0000044f   Thumb Code    14  strlen.o(.text)
    strcmp                                   0x0000045d   Thumb Code    28  strcmp.o(.text)
    __aeabi_dadd                             0x00000479   Thumb Code   322  dadd.o(.text)
    __aeabi_dsub                             0x000005bb   Thumb Code     6  dadd.o(.text)
    __aeabi_drsub                            0x000005c1   Thumb Code     6  dadd.o(.text)
    __aeabi_dmul                             0x000005c7   Thumb Code   228  dmul.o(.text)
    __aeabi_ddiv                             0x000006ab   Thumb Code   222  ddiv.o(.text)
    __aeabi_uidiv                            0x00000789   Thumb Code     0  uidiv.o(.text)
    __aeabi_uidivmod                         0x00000789   Thumb Code    44  uidiv.o(.text)
    __aeabi_uldivmod                         0x000007b5   Thumb Code    98  uldiv.o(.text)
    __aeabi_llsl                             0x00000817   Thumb Code    30  llshl.o(.text)
    _ll_shift_l                              0x00000817   Thumb Code     0  llshl.o(.text)
    __aeabi_lasr                             0x00000835   Thumb Code    36  llsshr.o(.text)
    _ll_sshift_r                             0x00000835   Thumb Code     0  llsshr.o(.text)
    __strtod_int                             0x00000897   Thumb Code    94  strtod.o(.text)
    __I$use$fp                               0x00000901   Thumb Code     0  iusefp.o(.text)
    _double_round                            0x00000901   Thumb Code    30  depilogue.o(.text)
    _double_epilogue                         0x0000091f   Thumb Code   156  depilogue.o(.text)
    __ARM_scalbn                             0x000009bb   Thumb Code    46  dscalb.o(.text)
    scalbn                                   0x000009bb   Thumb Code     0  dscalb.o(.text)
    __aeabi_i2d                              0x000009e9   Thumb Code    34  dflti.o(.text)
    __aeabi_d2ulz                            0x00000a0b   Thumb Code    48  dfixul.o(.text)
    __aeabi_cdrcmple                         0x00000a3d   Thumb Code    48  cdrcmple.o(.text)
    __scatterload                            0x00000a6d   Thumb Code    28  init.o(.text)
    __scatterload_rt2                        0x00000a6d   Thumb Code     0  init.o(.text)
    __aeabi_llsr                             0x00000a91   Thumb Code    32  llushr.o(.text)
    _ll_ushift_r                             0x00000a91   Thumb Code     0  llushr.o(.text)
    _scanf_real                              0x00000bd9   Thumb Code     0  scanf_fp.o(.text)
    _scanf_really_real                       0x00000bd9   Thumb Code   556  scanf_fp.o(.text)
    _sgetc                                   0x00000e11   Thumb Code    30  _sgetc.o(.text)
    _sbackspace                              0x00000e2f   Thumb Code    34  _sgetc.o(.text)
    _dsqrt                                   0x00000e51   Thumb Code   162  dsqrt.o(.text)
    __aeabi_ul2d                             0x00000ef3   Thumb Code    24  dfltul.o(.text)
    __aeabi_d2f                              0x00000f0b   Thumb Code    56  d2f.o(.text)
    _float_round                             0x00000f43   Thumb Code    18  fepilogue.o(.text)
    _float_epilogue                          0x00000f55   Thumb Code    92  fepilogue.o(.text)
    EEPROM_Init                              0x00000fb1   Thumb Code   124  eeprom.o(.text.EEPROM_Init)
    EEPROM_Read                              0x0000102d   Thumb Code   122  eeprom.o(.text.EEPROM_Read)
    EEPROM_Write                             0x000010a9   Thumb Code   180  eeprom.o(.text.EEPROM_Write)
    ENPulseDelay                             0x0000115d   Thumb Code    80  hd44780u.o(.text.ENPulseDelay)
    GetKeyASCII                              0x000011ad   Thumb Code   220  main.o(.text.GetKeyASCII)
    InitCursor                               0x00001289   Thumb Code    52  main.o(.text.InitCursor)
    InitCustomCharacters                     0x000012bd   Thumb Code   114  hd44780u.o(.text.InitCustomCharacters)
    InitDisplayPort                          0x00001331   Thumb Code   120  hd44780u.o(.text.InitDisplayPort)
    InitPortValues                           0x000013a9   Thumb Code    24  port_init.o(.text.InitPortValues)
    InitialisationStage                      0x000013c1   Thumb Code    38  main.o(.text.InitialisationStage)
    PLL_Init                                 0x000013e9   Thumb Code   152  pll.o(.text.PLL_Init)
    PortA_Init                               0x00001481   Thumb Code    82  port_init.o(.text.PortA_Init)
    PortB_Init                               0x000014d5   Thumb Code    82  port_init.o(.text.PortB_Init)
    PortD_Init                               0x00001529   Thumb Code   110  port_init.o(.text.PortD_Init)
    PortE_Init                               0x00001599   Thumb Code   102  port_init.o(.text.PortE_Init)
    SendDisplayByte                          0x00001601   Thumb Code    42  hd44780u.o(.text.SendDisplayByte)
    SendDisplayNibble                        0x0000162d   Thumb Code    70  hd44780u.o(.text.SendDisplayNibble)
    SysTick_Init                             0x00001675   Thumb Code    42  pll.o(.text.SysTick_Init)
    SysTick_Wait                             0x000016a1   Thumb Code    56  pll.o(.text.SysTick_Wait)
    SystemInit                               0x000016d9   Thumb Code   268  system_tm4c123.o(.text.SystemInit)
    UART_Init                                0x000017e5   Thumb Code   160  uart.o(.text.UART_Init)
    UART_OutChar                             0x00001885   Thumb Code    46  uart.o(.text.UART_OutChar)
    WelcomingStage                           0x000018b5   Thumb Code   278  main.o(.text.WelcomingStage)
    appendCharacters                         0x000019cd   Thumb Code    60  main.o(.text.appendCharacters)
    checkSyntax                              0x00001a09   Thumb Code   476  lexer.o(.text.checkSyntax)
    cleanTokenEntries                        0x00001be5   Thumb Code    32  lexer.o(.text.cleanTokenEntries)
    clearDisplayScreen                       0x00001c05   Thumb Code    14  hd44780u.o(.text.clearDisplayScreen)
    delCalculatedElement                     0x00001c15   Thumb Code   148  lexer.o(.text.delCalculatedElement)
    deleteLastChar                           0x00001ca9   Thumb Code    82  main.o(.text.deleteLastChar)
    displayDeleteLastChar                    0x00001cfd   Thumb Code    38  hd44780u.o(.text.displayDeleteLastChar)
    doCalculation                            0x00001d25   Thumb Code   402  lexer.o(.text.doCalculation)
    errorAction                              0x00001eb9   Thumb Code    42  main.o(.text.errorAction)
    executeOperation                         0x00001ee9   Thumb Code   264  lexer.o(.text.executeOperation)
    fputc                                    0x00001ff1   Thumb Code    70  uart.o(.text.fputc)
    main                                     0x00002039   Thumb Code    32  main.o(.text.main)
    mainCalculatorFunction                   0x00002059   Thumb Code   504  main.o(.text.mainCalculatorFunction)
    printDisplay                             0x00002251   Thumb Code    48  hd44780u.o(.text.printDisplay)
    printErrorMsg                            0x00002281   Thumb Code    24  main.o(.text.printErrorMsg)
    printPasswordSecondLine                  0x00002299   Thumb Code    72  main.o(.text.printPasswordSecondLine)
    printSentence                            0x000022e1   Thumb Code    84  main.o(.text.printSentence)
    resetUserInputs                          0x00002335   Thumb Code    30  main.o(.text.resetUserInputs)
    secondLinePasswordPrompt                 0x00002355   Thumb Code    50  main.o(.text.secondLinePasswordPrompt)
    setExponentFormatSubstring               0x00002389   Thumb Code   222  lexer.o(.text.setExponentFormatSubstring)
    setPassword                              0x00002469   Thumb Code   324  main.o(.text.setPassword)
    switchToggleEmoji                        0x000025ad   Thumb Code    96  main.o(.text.switchToggleEmoji)
    tokenizeInputString                      0x0000260d   Thumb Code   342  lexer.o(.text.tokenizeInputString)
    waitEEPROMDONE                           0x00002765   Thumb Code    58  eeprom.o(.text.waitEEPROMDONE)
    wait_us                                  0x000027a1   Thumb Code    22  pll.o(.text.wait_us)
    __0printf                                0x000027b9   Thumb Code    22  printfa.o(i.__0printf)
    __1printf                                0x000027b9   Thumb Code     0  printfa.o(i.__0printf)
    __2printf                                0x000027b9   Thumb Code     0  printfa.o(i.__0printf)
    __c89printf                              0x000027b9   Thumb Code     0  printfa.o(i.__0printf)
    printf                                   0x000027b9   Thumb Code     0  printfa.o(i.__0printf)
    __0snprintf                              0x000027d9   Thumb Code    48  printfa.o(i.__0snprintf)
    __1snprintf                              0x000027d9   Thumb Code     0  printfa.o(i.__0snprintf)
    __2snprintf                              0x000027d9   Thumb Code     0  printfa.o(i.__0snprintf)
    __c89snprintf                            0x000027d9   Thumb Code     0  printfa.o(i.__0snprintf)
    snprintf                                 0x000027d9   Thumb Code     0  printfa.o(i.__0snprintf)
    __0sprintf                               0x0000280d   Thumb Code    34  printfa.o(i.__0sprintf)
    __1sprintf                               0x0000280d   Thumb Code     0  printfa.o(i.__0sprintf)
    __2sprintf                               0x0000280d   Thumb Code     0  printfa.o(i.__0sprintf)
    __c89sprintf                             0x0000280d   Thumb Code     0  printfa.o(i.__0sprintf)
    sprintf                                  0x0000280d   Thumb Code     0  printfa.o(i.__0sprintf)
    __ARM_fpclassify                         0x00002835   Thumb Code    48  fpclassify.o(i.__ARM_fpclassify)
    __hardfp_pow                             0x00002869   Thumb Code  3088  pow.o(i.__hardfp_pow)
    __hardfp_strtod                          0x000034c9   Thumb Code    32  strtod.o(i.__hardfp_strtod)
    __kernel_poly                            0x000034f1   Thumb Code   248  poly.o(i.__kernel_poly)
    __mathlib_dbl_divzero                    0x000035e9   Thumb Code    28  dunder.o(i.__mathlib_dbl_divzero)
    __mathlib_dbl_infnan2                    0x00003619   Thumb Code    20  dunder.o(i.__mathlib_dbl_infnan2)
    __mathlib_dbl_invalid                    0x00003631   Thumb Code    24  dunder.o(i.__mathlib_dbl_invalid)
    __mathlib_dbl_overflow                   0x00003651   Thumb Code    24  dunder.o(i.__mathlib_dbl_overflow)
    __mathlib_dbl_underflow                  0x00003671   Thumb Code    24  dunder.o(i.__mathlib_dbl_underflow)
    __scatterload_copy                       0x00003691   Thumb Code    14  handlers.o(i.__scatterload_copy)
    __scatterload_null                       0x0000369f   Thumb Code     2  handlers.o(i.__scatterload_null)
    __scatterload_zeroinit                   0x000036a1   Thumb Code    14  handlers.o(i.__scatterload_zeroinit)
    __set_errno                              0x000036b1   Thumb Code     6  errno.o(i.__set_errno)
    _is_digit                                0x00003841   Thumb Code    14  scanf_fp.o(i._is_digit)
    fabs                                     0x00003f9f   Thumb Code    24  fabs.o(i.fabs)
    sqrt                                     0x00003fb7   Thumb Code   110  sqrt.o(i.sqrt)
    __ctype_table                            0x000040b0   Data         129  ctype_o.o(.constdata)
    __mathlib_zero                           0x00004138   Data           8  qnan.o(.constdata)
    Region$$Table$$Base                      0x00004234   Number         0  anon$$obj.o(Region$$Table)
    Region$$Table$$Limit                     0x00004254   Number         0  anon$$obj.o(Region$$Table)
    __stdout                                 0x20000000   Data           4  stdout.o(.data)
    __initial_sp                             0x20000830   Data           0  startup_tm4c123.o(STACK)



==============================================================================

Memory Map of the image

  Image Entry point : 0x00000281

  Load Region LR_1 (Base: 0x00000000, Size: 0x00004260, Max: 0xffffffff, ABSOLUTE)

    Execution Region ER_RO (Exec base: 0x00000000, Load base: 0x00000000, Size: 0x00004254, Max: 0xffffffff, ABSOLUTE)

    Exec Addr    Load Addr    Size         Type   Attr      Idx    E Section Name        Object

    0x00000000   0x00000000   0x0000026c   Data   RO          165    RESET               startup_tm4c123.o
    0x0000026c   0x0000026c   0x00000000   Code   RO          199  * .ARM.Collect$$$$00000000  mc_w.l(entry.o)
    0x0000026c   0x0000026c   0x00000004   Code   RO          311    .ARM.Collect$$$$00000001  mc_w.l(entry2.o)
    0x00000270   0x00000270   0x00000004   Code   RO          314    .ARM.Collect$$$$00000004  mc_w.l(entry5.o)
    0x00000274   0x00000274   0x00000000   Code   RO          316    .ARM.Collect$$$$00000008  mc_w.l(entry7b.o)
    0x00000274   0x00000274   0x00000000   Code   RO          318    .ARM.Collect$$$$0000000A  mc_w.l(entry8b.o)
    0x00000274   0x00000274   0x00000008   Code   RO          319    .ARM.Collect$$$$0000000B  mc_w.l(entry9a.o)
    0x0000027c   0x0000027c   0x00000000   Code   RO          321    .ARM.Collect$$$$0000000D  mc_w.l(entry10a.o)
    0x0000027c   0x0000027c   0x00000000   Code   RO          323    .ARM.Collect$$$$0000000F  mc_w.l(entry11a.o)
    0x0000027c   0x0000027c   0x00000004   Code   RO          312    .ARM.Collect$$$$00002712  mc_w.l(entry2.o)
    0x00000280   0x00000280   0x000000fc   Code   RO          166  * .text               startup_tm4c123.o
    0x0000037c   0x0000037c   0x00000008   Code   RO          204    .text               mc_w.l(ctype_o.o)
    0x00000384   0x00000384   0x00000018   Code   RO          216    .text               mc_w.l(isdigit_o.o)
    0x0000039c   0x0000039c   0x00000012   Code   RO          226    .text               mc_w.l(isspace_o.o)
    0x000003ae   0x000003ae   0x00000040   Code   RO          232    .text               mc_w.l(memmovea.o)
    0x000003ee   0x000003ee   0x00000024   Code   RO          234    .text               mc_w.l(memseta.o)
    0x00000412   0x00000412   0x00000024   Code   RO          236    .text               mc_w.l(strstr.o)
    0x00000436   0x00000436   0x00000018   Code   RO          238    .text               mc_w.l(strncpy.o)
    0x0000044e   0x0000044e   0x0000000e   Code   RO          240    .text               mc_w.l(strlen.o)
    0x0000045c   0x0000045c   0x0000001c   Code   RO          242    .text               mc_w.l(strcmp.o)
    0x00000478   0x00000478   0x0000014e   Code   RO          274    .text               mf_w.l(dadd.o)
    0x000005c6   0x000005c6   0x000000e4   Code   RO          276    .text               mf_w.l(dmul.o)
    0x000006aa   0x000006aa   0x000000de   Code   RO          278    .text               mf_w.l(ddiv.o)
    0x00000788   0x00000788   0x0000002c   Code   RO          335    .text               mc_w.l(uidiv.o)
    0x000007b4   0x000007b4   0x00000062   Code   RO          337    .text               mc_w.l(uldiv.o)
    0x00000816   0x00000816   0x0000001e   Code   RO          339    .text               mc_w.l(llshl.o)
    0x00000834   0x00000834   0x00000024   Code   RO          341    .text               mc_w.l(llsshr.o)
    0x00000858   0x00000858   0x000000a8   Code   RO          353    .text               mc_w.l(strtod.o)
    0x00000900   0x00000900   0x00000000   Code   RO          355    .text               mc_w.l(iusefp.o)
    0x00000900   0x00000900   0x000000ba   Code   RO          356    .text               mf_w.l(depilogue.o)
    0x000009ba   0x000009ba   0x0000002e   Code   RO          360    .text               mf_w.l(dscalb.o)
    0x000009e8   0x000009e8   0x00000022   Code   RO          362    .text               mf_w.l(dflti.o)
    0x00000a0a   0x00000a0a   0x00000030   Code   RO          364    .text               mf_w.l(dfixul.o)
    0x00000a3a   0x00000a3a   0x00000002   PAD
    0x00000a3c   0x00000a3c   0x00000030   Code   RO          366    .text               mf_w.l(cdrcmple.o)
    0x00000a6c   0x00000a6c   0x00000024   Code   RO          368    .text               mc_w.l(init.o)
    0x00000a90   0x00000a90   0x00000020   Code   RO          370    .text               mc_w.l(llushr.o)
    0x00000ab0   0x00000ab0   0x00000360   Code   RO          374    .text               mc_w.l(scanf_fp.o)
    0x00000e10   0x00000e10   0x00000040   Code   RO          378    .text               mc_w.l(_sgetc.o)
    0x00000e50   0x00000e50   0x000000a2   Code   RO          380    .text               mf_w.l(dsqrt.o)
    0x00000ef2   0x00000ef2   0x00000018   Code   RO          382    .text               mf_w.l(dfltul.o)
    0x00000f0a   0x00000f0a   0x00000038   Code   RO          384    .text               mf_w.l(d2f.o)
    0x00000f42   0x00000f42   0x0000006e   Code   RO          386    .text               mf_w.l(fepilogue.o)
    0x00000fb0   0x00000fb0   0x0000007c   Code   RO          149    .text.EEPROM_Init   eeprom.o
    0x0000102c   0x0000102c   0x0000007a   Code   RO          155    .text.EEPROM_Read   eeprom.o
    0x000010a6   0x000010a6   0x00000002   PAD
    0x000010a8   0x000010a8   0x000000b4   Code   RO          153    .text.EEPROM_Write  eeprom.o
    0x0000115c   0x0000115c   0x00000050   Code   RO          133    .text.ENPulseDelay  hd44780u.o
    0x000011ac   0x000011ac   0x000000dc   Code   RO           14    .text.GetKeyASCII   main.o
    0x00001288   0x00001288   0x00000034   Code   RO            6    .text.InitCursor    main.o
    0x000012bc   0x000012bc   0x00000072   Code   RO          131    .text.InitCustomCharacters  hd44780u.o
    0x0000132e   0x0000132e   0x00000002   PAD
    0x00001330   0x00001330   0x00000078   Code   RO          125    .text.InitDisplayPort  hd44780u.o
    0x000013a8   0x000013a8   0x00000018   Code   RO           91    .text.InitPortValues  port_init.o
    0x000013c0   0x000013c0   0x00000026   Code   RO            4    .text.InitialisationStage  main.o
    0x000013e6   0x000013e6   0x00000002   PAD
    0x000013e8   0x000013e8   0x00000098   Code   RO           51    .text.PLL_Init      pll.o
    0x00001480   0x00001480   0x00000052   Code   RO           83    .text.PortA_Init    port_init.o
    0x000014d2   0x000014d2   0x00000002   PAD
    0x000014d4   0x000014d4   0x00000052   Code   RO           85    .text.PortB_Init    port_init.o
    0x00001526   0x00001526   0x00000002   PAD
    0x00001528   0x00001528   0x0000006e   Code   RO           87    .text.PortD_Init    port_init.o
    0x00001596   0x00001596   0x00000002   PAD
    0x00001598   0x00001598   0x00000066   Code   RO           89    .text.PortE_Init    port_init.o
    0x000015fe   0x000015fe   0x00000002   PAD
    0x00001600   0x00001600   0x0000002a   Code   RO          129    .text.SendDisplayByte  hd44780u.o
    0x0000162a   0x0000162a   0x00000002   PAD
    0x0000162c   0x0000162c   0x00000046   Code   RO          127    .text.SendDisplayNibble  hd44780u.o
    0x00001672   0x00001672   0x00000002   PAD
    0x00001674   0x00001674   0x0000002a   Code   RO           49    .text.SysTick_Init  pll.o
    0x0000169e   0x0000169e   0x00000002   PAD
    0x000016a0   0x000016a0   0x00000038   Code   RO           53    .text.SysTick_Wait  pll.o
    0x000016d8   0x000016d8   0x0000010c   Code   RO          177    .text.SystemInit    system_tm4c123.o
    0x000017e4   0x000017e4   0x000000a0   Code   RO           64    .text.UART_Init     uart.o
    0x00001884   0x00001884   0x0000002e   Code   RO           68    .text.UART_OutChar  uart.o
    0x000018b2   0x000018b2   0x00000002   PAD
    0x000018b4   0x000018b4   0x00000116   Code   RO            8    .text.WelcomingStage  main.o
    0x000019ca   0x000019ca   0x00000002   PAD
    0x000019cc   0x000019cc   0x0000003c   Code   RO           24    .text.appendCharacters  main.o
    0x00001a08   0x00001a08   0x000001dc   Code   RO          100    .text.checkSyntax   lexer.o
    0x00001be4   0x00001be4   0x00000020   Code   RO          112    .text.cleanTokenEntries  lexer.o
    0x00001c04   0x00001c04   0x0000000e   Code   RO          135    .text.clearDisplayScreen  hd44780u.o
    0x00001c12   0x00001c12   0x00000002   PAD
    0x00001c14   0x00001c14   0x00000094   Code   RO          108    .text.delCalculatedElement  lexer.o
    0x00001ca8   0x00001ca8   0x00000052   Code   RO           22    .text.deleteLastChar  main.o
    0x00001cfa   0x00001cfa   0x00000002   PAD
    0x00001cfc   0x00001cfc   0x00000026   Code   RO          139    .text.displayDeleteLastChar  hd44780u.o
    0x00001d22   0x00001d22   0x00000002   PAD
    0x00001d24   0x00001d24   0x00000192   Code   RO          102    .text.doCalculation  lexer.o
    0x00001eb6   0x00001eb6   0x00000002   PAD
    0x00001eb8   0x00001eb8   0x0000002a   Code   RO           32    .text.errorAction   main.o
    0x00001ee2   0x00001ee2   0x00000006   PAD
    0x00001ee8   0x00001ee8   0x00000108   Code   RO          104    .text.executeOperation  lexer.o
    0x00001ff0   0x00001ff0   0x00000046   Code   RO           70    .text.fputc         uart.o
    0x00002036   0x00002036   0x00000002   PAD
    0x00002038   0x00002038   0x00000020   Code   RO            2    .text.main          main.o
    0x00002058   0x00002058   0x000001f8   Code   RO           12    .text.mainCalculatorFunction  main.o
    0x00002250   0x00002250   0x00000030   Code   RO          137    .text.printDisplay  hd44780u.o
    0x00002280   0x00002280   0x00000018   Code   RO           16    .text.printErrorMsg  main.o
    0x00002298   0x00002298   0x00000048   Code   RO           28    .text.printPasswordSecondLine  main.o
    0x000022e0   0x000022e0   0x00000054   Code   RO           18    .text.printSentence  main.o
    0x00002334   0x00002334   0x0000001e   Code   RO           20    .text.resetUserInputs  main.o
    0x00002352   0x00002352   0x00000002   PAD
    0x00002354   0x00002354   0x00000032   Code   RO           30    .text.secondLinePasswordPrompt  main.o
    0x00002386   0x00002386   0x00000002   PAD
    0x00002388   0x00002388   0x000000de   Code   RO          106    .text.setExponentFormatSubstring  lexer.o
    0x00002466   0x00002466   0x00000002   PAD
    0x00002468   0x00002468   0x00000144   Code   RO           26    .text.setPassword   main.o
    0x000025ac   0x000025ac   0x00000060   Code   RO           10    .text.switchToggleEmoji  main.o
    0x0000260c   0x0000260c   0x00000156   Code   RO          110    .text.tokenizeInputString  lexer.o
    0x00002762   0x00002762   0x00000002   PAD
    0x00002764   0x00002764   0x0000003a   Code   RO          151    .text.waitEEPROMDONE  eeprom.o
    0x0000279e   0x0000279e   0x00000002   PAD
    0x000027a0   0x000027a0   0x00000016   Code   RO           55    .text.wait_us       pll.o
    0x000027b6   0x000027b6   0x00000002   PAD
    0x000027b8   0x000027b8   0x00000020   Code   RO          247    i.__0printf         mc_w.l(printfa.o)
    0x000027d8   0x000027d8   0x00000034   Code   RO          248    i.__0snprintf       mc_w.l(printfa.o)
    0x0000280c   0x0000280c   0x00000028   Code   RO          249    i.__0sprintf        mc_w.l(printfa.o)
    0x00002834   0x00002834   0x00000030   Code   RO          300    i.__ARM_fpclassify  m_wm.l(fpclassify.o)
    0x00002864   0x00002864   0x00000004   PAD
    0x00002868   0x00002868   0x00000c60   Code   RO          186    i.__hardfp_pow      m_wm.l(pow.o)
    0x000034c8   0x000034c8   0x00000028   Code   RO          193    i.__hardfp_strtod   m_wm.l(strtod.o)
    0x000034f0   0x000034f0   0x000000f8   Code   RO          302    i.__kernel_poly     m_wm.l(poly.o)
    0x000035e8   0x000035e8   0x00000030   Code   RO          280    i.__mathlib_dbl_divzero  m_wm.l(dunder.o)
    0x00003618   0x00003618   0x00000014   Code   RO          282    i.__mathlib_dbl_infnan2  m_wm.l(dunder.o)
    0x0000362c   0x0000362c   0x00000004   PAD
    0x00003630   0x00003630   0x00000020   Code   RO          283    i.__mathlib_dbl_invalid  m_wm.l(dunder.o)
    0x00003650   0x00003650   0x00000020   Code   RO          284    i.__mathlib_dbl_overflow  m_wm.l(dunder.o)
    0x00003670   0x00003670   0x00000020   Code   RO          286    i.__mathlib_dbl_underflow  m_wm.l(dunder.o)
    0x00003690   0x00003690   0x0000000e   Code   RO          390    i.__scatterload_copy  mc_w.l(handlers.o)
    0x0000369e   0x0000369e   0x00000002   Code   RO          391    i.__scatterload_null  mc_w.l(handlers.o)
    0x000036a0   0x000036a0   0x0000000e   Code   RO          392    i.__scatterload_zeroinit  mc_w.l(handlers.o)
    0x000036ae   0x000036ae   0x00000002   PAD
    0x000036b0   0x000036b0   0x0000000c   Code   RO          348    i.__set_errno       mc_w.l(errno.o)
    0x000036bc   0x000036bc   0x00000184   Code   RO          254    i._fp_digits        mc_w.l(printfa.o)
    0x00003840   0x00003840   0x0000000e   Code   RO          376    i._is_digit         mc_w.l(scanf_fp.o)
    0x0000384e   0x0000384e   0x00000002   PAD
    0x00003850   0x00003850   0x000006dc   Code   RO          255    i._printf_core      mc_w.l(printfa.o)
    0x00003f2c   0x00003f2c   0x00000024   Code   RO          256    i._printf_post_padding  mc_w.l(printfa.o)
    0x00003f50   0x00003f50   0x0000002e   Code   RO          257    i._printf_pre_padding  mc_w.l(printfa.o)
    0x00003f7e   0x00003f7e   0x00000016   Code   RO          258    i._snputc           mc_w.l(printfa.o)
    0x00003f94   0x00003f94   0x0000000a   Code   RO          259    i._sputc            mc_w.l(printfa.o)
    0x00003f9e   0x00003f9e   0x00000018   Code   RO          296    i.fabs              m_wm.l(fabs.o)
    0x00003fb6   0x00003fb6   0x0000006e   Code   RO          307    i.sqrt              m_wm.l(sqrt.o)
    0x00004024   0x00004024   0x00000004   PAD
    0x00004028   0x00004028   0x00000088   Data   RO          189    .constdata          m_wm.l(pow.o)
    0x000040b0   0x000040b0   0x00000081   Data   RO          205    .constdata          mc_w.l(ctype_o.o)
    0x00004131   0x00004131   0x00000003   PAD
    0x00004134   0x00004134   0x00000004   Data   RO          206    .constdata          mc_w.l(ctype_o.o)
    0x00004138   0x00004138   0x00000008   Data   RO          304    .constdata          m_wm.l(qnan.o)
    0x00004140   0x00004140   0x00000008   Data   RO           40    .rodata..L__const.printPasswordSecondLine.secondLineInfo  main.o
    0x00004148   0x00004148   0x00000020   Data   RO           34    .rodata.keyPadConfig  main.o
    0x00004168   0x00004168   0x00000006   Data   RO          114    .rodata.operators   lexer.o
    0x0000416e   0x0000416e   0x0000005d   Data   RO           39    .rodata.str1.1      main.o
    0x000041cb   0x000041cb   0x00000026   Data   RO          117    .rodata.str1.1      lexer.o
    0x000041f1   0x000041f1   0x00000040   Data   RO          141    .rodata.switchEmoji  hd44780u.o
    0x00004231   0x00004231   0x00000003   PAD
    0x00004234   0x00004234   0x00000020   Data   RO          389    Region$$Table       anon$$obj.o


    Execution Region ER_RW (Exec base: 0x20000000, Load base: 0x00004254, Size: 0x0000000c, Max: 0xffffffff, ABSOLUTE)

    Exec Addr    Load Addr    Size         Type   Attr      Idx    E Section Name        Object

    0x20000000   0x00004254   0x00000004   Data   RW          325    .data               mc_w.l(stdout.o)
    0x20000004   0x00004258   0x00000004   Data   RW          349    .data               mc_w.l(errno.o)
    0x20000008   0x0000425c   0x00000001   Data   RW           36    .data.tempInput     main.o


    Execution Region ER_ZI (Exec base: 0x20000010, Load base: 0x00004260, Size: 0x00000820, Max: 0xffffffff, ABSOLUTE)

    Exec Addr    Load Addr    Size         Type   Attr      Idx    E Section Name        Object

    0x20000010        -       0x00000001   Zero   RW           37    .bss.numChars       main.o
    0x20000011        -       0x00000001   Zero   RW          115    .bss.numTok         lexer.o
    0x20000012        -       0x00000001   Zero   RW           35    .bss.shiftToggle    main.o
    0x20000013        -       0x000005f1   Zero   RW          116    .bss.token          lexer.o
    0x20000604        -       0x00000028   Zero   RW           38    .bss.userInputs     main.o
    0x2000062c   0x00004260   0x00000004   PAD
    0x20000630        -       0x00000200   Zero   RW          163    STACK               startup_tm4c123.o


==============================================================================

Image component sizes


      Code (inc. data)   RO Data    RW Data    ZI Data      Debug   Object Name

       484          0          0          0          0       1209   eeprom.o
       526          0         64          0          0       1804   hd44780u.o
      1886          8         44          0       1522       2955   lexer.o
      1988        156        133          1         42       3635   main.o
       272          0          0          0          0        866   pll.o
       400          0          0          0          0        951   port_init.o
       252         10        620          0        512       5472   startup_tm4c123.o
       268          0          0          0          0       6755   system_tm4c123.o
       276          0          0          0          0       1514   uart.o

    ----------------------------------------------------------------------
      6404        174        896          4       2080      25161   Object Totals
         0          0         32          0          0          0   (incl. Generated)
        52          0          3          3          4          0   (incl. Padding)

    ----------------------------------------------------------------------

      Code (inc. data)   RO Data    RW Data    ZI Data      Debug   Library Member Name

       164         44          0          0          0        620   dunder.o
        24          0          0          0          0        124   fabs.o
        48          0          0          0          0        124   fpclassify.o
       248          0          0          0          0        152   poly.o
      3168        296        136          0          0        352   pow.o
         0          0          8          0          0          0   qnan.o
       110          0          0          0          0        148   sqrt.o
        40          8          0          0          0        128   strtod.o
        64          0          0          0          0         84   _sgetc.o
         8          4        133          0          0         68   ctype_o.o
         0          0          0          0          0          0   entry.o
         0          0          0          0          0          0   entry10a.o
         0          0          0          0          0          0   entry11a.o
         8          4          0          0          0          0   entry2.o
         4          0          0          0          0          0   entry5.o
         0          0          0          0          0          0   entry7b.o
         0          0          0          0          0          0   entry8b.o
         8          4          0          0          0          0   entry9a.o
        12          6          0          4          0         68   errno.o
        30          0          0          0          0          0   handlers.o
        36          8          0          0          0         68   init.o
        24          0          0          0          0         76   isdigit_o.o
        18          0          0          0          0         76   isspace_o.o
         0          0          0          0          0          0   iusefp.o
        30          0          0          0          0         68   llshl.o
        36          0          0          0          0         68   llsshr.o
        32          0          0          0          0         68   llushr.o
        64          0          0          0          0         76   memmovea.o
        36          0          0          0          0        108   memseta.o
      2382        100          0          0          0        760   printfa.o
       878         12          0          0          0        216   scanf_fp.o
         0          0          0          4          0          0   stdout.o
        28          0          0          0          0         76   strcmp.o
        14          0          0          0          0         68   strlen.o
        24          0          0          0          0         76   strncpy.o
        36          0          0          0          0         80   strstr.o
       168         12          0          0          0        124   strtod.o
        44          0          0          0          0         80   uidiv.o
        98          0          0          0          0         92   uldiv.o
        48          0          0          0          0         68   cdrcmple.o
        56          0          0          0          0         88   d2f.o
       334          0          0          0          0        148   dadd.o
       222          0          0          0          0        100   ddiv.o
       186          0          0          0          0        176   depilogue.o
        48          0          0          0          0         68   dfixul.o
        34          0          0          0          0         76   dflti.o
        24          0          0          0          0         76   dfltul.o
       228          0          0          0          0         96   dmul.o
        46          0          0          0          0         80   dscalb.o
       162          0          0          0          0        100   dsqrt.o
       110          0          0          0          0        168   fepilogue.o

    ----------------------------------------------------------------------
      9400        498        280          8          0       5292   Library Totals
        18          0          3          0          0          0   (incl. Padding)

    ----------------------------------------------------------------------

      Code (inc. data)   RO Data    RW Data    ZI Data      Debug   Library Name

      3802        348        144          0          0       1648   m_wm.l
      4082        150        133          8          0       2400   mc_w.l
      1498          0          0          0          0       1244   mf_w.l

    ----------------------------------------------------------------------
      9400        498        280          8          0       5292   Library Totals

    ----------------------------------------------------------------------

==============================================================================


      Code (inc. data)   RO Data    RW Data    ZI Data      Debug   

     15804        672       1176         12       2080      27593   Grand Totals
     15804        672       1176         12       2080      27593   ELF Image Totals
     15804        672       1176         12          0          0   ROM Totals

==============================================================================

    Total RO  Size (Code + RO Data)                16980 (  16.58kB)
    Total RW  Size (RW Data + ZI Data)              2092 (   2.04kB)
    Total ROM Size (Code + RO Data + RW Data)      16992 (  16.59kB)

==============================================================================

